Archive member included to satisfy reference by file (symbol)

D:/ST/STM32CubeIDE_1.13.0/STM32CubeIDE/plugins/com.st.stm32cube.ide.mcu.externaltools.gnu-tools-for-stm32.11.3.rel1.win32_1.1.0.202305231506/tools/bin/../lib/gcc/arm-none-eabi/11.3.1/../../../../arm-none-eabi/lib/thumb/v7-m/nofp\libc_nano.a(libc_a-exit.o)
                              D:/ST/STM32CubeIDE_1.13.0/STM32CubeIDE/plugins/com.st.stm32cube.ide.mcu.externaltools.gnu-tools-for-stm32.11.3.rel1.win32_1.1.0.202305231506/tools/bin/../lib/gcc/arm-none-eabi/11.3.1/../../../../arm-none-eabi/lib/thumb/v7-m/nofp/crt0.o (exit)
D:/ST/STM32CubeIDE_1.13.0/STM32CubeIDE/plugins/com.st.stm32cube.ide.mcu.externaltools.gnu-tools-for-stm32.11.3.rel1.win32_1.1.0.202305231506/tools/bin/../lib/gcc/arm-none-eabi/11.3.1/../../../../arm-none-eabi/lib/thumb/v7-m/nofp\libc_nano.a(libc_a-findfp.o)
                              D:/ST/STM32CubeIDE_1.13.0/STM32CubeIDE/plugins/com.st.stm32cube.ide.mcu.externaltools.gnu-tools-for-stm32.11.3.rel1.win32_1.1.0.202305231506/tools/bin/../lib/gcc/arm-none-eabi/11.3.1/../../../../arm-none-eabi/lib/thumb/v7-m/nofp\libc_nano.a(libc_a-exit.o) (__stdio_exit_handler)
D:/ST/STM32CubeIDE_1.13.0/STM32CubeIDE/plugins/com.st.stm32cube.ide.mcu.externaltools.gnu-tools-for-stm32.11.3.rel1.win32_1.1.0.202305231506/tools/bin/../lib/gcc/arm-none-eabi/11.3.1/../../../../arm-none-eabi/lib/thumb/v7-m/nofp\libc_nano.a(libc_a-fwalk.o)
                              D:/ST/STM32CubeIDE_1.13.0/STM32CubeIDE/plugins/com.st.stm32cube.ide.mcu.externaltools.gnu-tools-for-stm32.11.3.rel1.win32_1.1.0.202305231506/tools/bin/../lib/gcc/arm-none-eabi/11.3.1/../../../../arm-none-eabi/lib/thumb/v7-m/nofp\libc_nano.a(libc_a-findfp.o) (_fwalk_sglue)
D:/ST/STM32CubeIDE_1.13.0/STM32CubeIDE/plugins/com.st.stm32cube.ide.mcu.externaltools.gnu-tools-for-stm32.11.3.rel1.win32_1.1.0.202305231506/tools/bin/../lib/gcc/arm-none-eabi/11.3.1/../../../../arm-none-eabi/lib/thumb/v7-m/nofp\libc_nano.a(libc_a-printf.o)
                              ./Peripherals/Src/rc522.o (printf)
D:/ST/STM32CubeIDE_1.13.0/STM32CubeIDE/plugins/com.st.stm32cube.ide.mcu.externaltools.gnu-tools-for-stm32.11.3.rel1.win32_1.1.0.202305231506/tools/bin/../lib/gcc/arm-none-eabi/11.3.1/../../../../arm-none-eabi/lib/thumb/v7-m/nofp\libc_nano.a(libc_a-puts.o)
                              ./Peripherals/Src/rc522.o (puts)
D:/ST/STM32CubeIDE_1.13.0/STM32CubeIDE/plugins/com.st.stm32cube.ide.mcu.externaltools.gnu-tools-for-stm32.11.3.rel1.win32_1.1.0.202305231506/tools/bin/../lib/gcc/arm-none-eabi/11.3.1/../../../../arm-none-eabi/lib/thumb/v7-m/nofp\libc_nano.a(libc_a-sprintf.o)
                              ./Core/Src/main.o (sprintf)
D:/ST/STM32CubeIDE_1.13.0/STM32CubeIDE/plugins/com.st.stm32cube.ide.mcu.externaltools.gnu-tools-for-stm32.11.3.rel1.win32_1.1.0.202305231506/tools/bin/../lib/gcc/arm-none-eabi/11.3.1/../../../../arm-none-eabi/lib/thumb/v7-m/nofp\libc_nano.a(libc_a-stdio.o)
                              D:/ST/STM32CubeIDE_1.13.0/STM32CubeIDE/plugins/com.st.stm32cube.ide.mcu.externaltools.gnu-tools-for-stm32.11.3.rel1.win32_1.1.0.202305231506/tools/bin/../lib/gcc/arm-none-eabi/11.3.1/../../../../arm-none-eabi/lib/thumb/v7-m/nofp\libc_nano.a(libc_a-findfp.o) (__sread)
D:/ST/STM32CubeIDE_1.13.0/STM32CubeIDE/plugins/com.st.stm32cube.ide.mcu.externaltools.gnu-tools-for-stm32.11.3.rel1.win32_1.1.0.202305231506/tools/bin/../lib/gcc/arm-none-eabi/11.3.1/../../../../arm-none-eabi/lib/thumb/v7-m/nofp\libc_nano.a(libc_a-wbuf.o)
                              D:/ST/STM32CubeIDE_1.13.0/STM32CubeIDE/plugins/com.st.stm32cube.ide.mcu.externaltools.gnu-tools-for-stm32.11.3.rel1.win32_1.1.0.202305231506/tools/bin/../lib/gcc/arm-none-eabi/11.3.1/../../../../arm-none-eabi/lib/thumb/v7-m/nofp\libc_nano.a(libc_a-puts.o) (__swbuf_r)
D:/ST/STM32CubeIDE_1.13.0/STM32CubeIDE/plugins/com.st.stm32cube.ide.mcu.externaltools.gnu-tools-for-stm32.11.3.rel1.win32_1.1.0.202305231506/tools/bin/../lib/gcc/arm-none-eabi/11.3.1/../../../../arm-none-eabi/lib/thumb/v7-m/nofp\libc_nano.a(libc_a-wsetup.o)
                              D:/ST/STM32CubeIDE_1.13.0/STM32CubeIDE/plugins/com.st.stm32cube.ide.mcu.externaltools.gnu-tools-for-stm32.11.3.rel1.win32_1.1.0.202305231506/tools/bin/../lib/gcc/arm-none-eabi/11.3.1/../../../../arm-none-eabi/lib/thumb/v7-m/nofp\libc_nano.a(libc_a-puts.o) (__swsetup_r)
D:/ST/STM32CubeIDE_1.13.0/STM32CubeIDE/plugins/com.st.stm32cube.ide.mcu.externaltools.gnu-tools-for-stm32.11.3.rel1.win32_1.1.0.202305231506/tools/bin/../lib/gcc/arm-none-eabi/11.3.1/../../../../arm-none-eabi/lib/thumb/v7-m/nofp\libc_nano.a(libc_a-memcmp.o)
                              ./Core/Src/main.o (memcmp)
D:/ST/STM32CubeIDE_1.13.0/STM32CubeIDE/plugins/com.st.stm32cube.ide.mcu.externaltools.gnu-tools-for-stm32.11.3.rel1.win32_1.1.0.202305231506/tools/bin/../lib/gcc/arm-none-eabi/11.3.1/../../../../arm-none-eabi/lib/thumb/v7-m/nofp\libc_nano.a(libc_a-memset.o)
[...]
Memory Configuration

Name             Origin             Length             Attributes
RAM              0x0000000020000000 0x0000000000005000 xrw
FLASH            0x0000000008000000 0x0000000000010000 xr
*default*        0x0000000000000000 0xffffffffffffffff

Linker script and memory map

LOAD D:/ST/STM32CubeIDE_1.13.0/STM32CubeIDE/plugins/com.st.stm32cube.ide.mcu.externaltools.gnu-tools-for-stm32.11.3.rel1.win32_1.1.0.202305231506/tools/bin/../lib/gcc/arm-none-eabi/11.3.1/thumb/v7-m/nofp/crti.o
LOAD D:/ST/STM32CubeIDE_1.13.0/STM32CubeIDE/plugins/com.st.stm32cube.ide.mcu.externaltools.gnu-tools-for-stm32.11.3.rel1.win32_1.1.0.202305231506/tools/bin/../lib/gcc/arm-none-eabi/11.3.1/thumb/v7-m/nofp/crtbegin.o
LOAD D:/ST/STM32CubeIDE_1.13.0/STM32CubeIDE/plugins/com.st.stm32cube.ide.mcu.externaltools.gnu-tools-for-stm32.11.3.rel1.win32_1.1.0.202305231506/tools/bin/../lib/gcc/arm-none-eabi/11.3.1/../../../../arm-none-eabi/lib/thumb/v7-m/nofp/crt0.o
LOAD ./Core/Src/main.o
LOAD ./Core/Src/stm32f1xx_it.o
LOAD ./Core/Src/system_stm32f1xx.o
LOAD ./HAL/STM32F1xx_HAL_Driver/Src/Legacy/stm32f1xx_hal_can.o
LOAD ./HAL/STM32F1xx_HAL_Driver/Src/stm32f1xx_hal.o
LOAD ./HAL/STM32F1xx_HAL_Driver/Src/stm32f1xx_hal_adc.o
LOAD ./HAL/STM32F1xx_HAL_Driver/Src/stm32f1xx_hal_adc_ex.o
LOAD ./HAL/STM32F1xx_HAL_Driver/Src/stm32f1xx_hal_can.o
LOAD ./HAL/STM32F1xx_HAL_Driver/Src/stm32f1xx_hal_cec.o
LOAD ./HAL/STM32F1xx_HAL_Driver/Src/stm32f1xx_hal_cortex.o
LOAD ./HAL/STM32F1xx_HAL_Driver/Src/stm32f1xx_hal_crc.o
LOAD ./HAL/STM32F1xx_HAL_Driver/Src/stm32f1xx_hal_dac.o
LOAD ./HAL/STM32F1xx_HAL_Driver/Src/stm32f1xx_hal_dac_ex.o
LOAD ./HAL/STM32F1xx_HAL_Driver/Src/stm32f1xx_hal_dma.o
LOAD ./HAL/STM32F1xx_HAL_Driver/Src/stm32f1xx_hal_eth.o
LOAD ./HAL/STM32F1xx_HAL_Driver/Src/stm32f1xx_hal_exti.o
LOAD ./HAL/STM32F1xx_HAL_Driver/Src/stm32f1xx_hal_flash.o
LOAD ./HAL/STM32F1xx_HAL_Driver/Src/stm32f1xx_hal_flash_ex.o
LOAD ./HAL/STM32F1xx_HAL_Driver/Src/stm32f1xx_hal_gpio.o
LOAD ./HAL/STM32F1xx_HAL_Driver/Src/stm32f1xx_hal_gpio_ex.o
LOAD ./HAL/STM32F1xx_HAL_Driver/Src/stm32f1xx_hal_hcd.o
LOAD ./HAL/STM32F1xx_HAL_Driver/Src/stm32f1xx_hal_i2c.o
LOAD ./HAL/STM32F1xx_HAL_Driver/Src/stm32f1xx_hal_i2s.o
LOAD ./HAL/STM32F1xx_HAL_Driver/Src/stm32f1xx_hal_irda.o
LOAD ./HAL/STM32F1xx_HAL_Driver/Src/stm32f1xx_hal_iwdg.o
LOAD ./HAL/STM32F1xx_HAL_Driver/Src/stm32f1xx_hal_mmc.o
LOAD ./HAL/STM32F1xx_HAL_Driver/Src/stm32f1xx_hal_msp_template.o
LOAD ./HAL/STM32F1xx_HAL_Driver/Src/stm32f1xx_hal_nand.o
LOAD ./HAL/STM32F1xx_HAL_Driver/Src/stm32f1xx_hal_nor.o
LOAD ./HAL/STM32F1xx_HAL_Driver/Src/stm32f1xx_hal_pccard.o
LOAD ./HAL/STM32F1xx_HAL_Driver/Src/stm32f1xx_hal_pcd.o
LOAD ./HAL/STM32F1xx_HAL_Driver/Src/stm32f1xx_hal_pcd_ex.o
LOAD ./HAL/STM32F1xx_HAL_Driver/Src/stm32f1xx_hal_pwr.o
LOAD ./HAL/STM32F1xx_HAL_Driver/Src/stm32f1xx_hal_rcc.o
LOAD ./HAL/STM32F1xx_HAL_Driver/Src/stm32f1xx_hal_rcc_ex.o
LOAD ./HAL/STM32F1xx_HAL_Driver/Src/stm32f1xx_hal_rtc.o
LOAD ./HAL/STM32F1xx_HAL_Driver/Src/stm32f1xx_hal_rtc_ex.o
LOAD ./HAL/STM32F1xx_HAL_Driver/Src/stm32f1xx_hal_sd.o
LOAD ./HAL/STM32F1xx_HAL_Driver/Src/stm32f1xx_hal_smartcard.o
LOAD ./HAL/STM32F1xx_HAL_Driver/Src/stm32f1xx_hal_spi.o
LOAD ./HAL/STM32F1xx_HAL_Driver/Src/stm32f1xx_hal_sram.o
LOAD ./HAL/STM32F1xx_HAL_Driver/Src/stm32f1xx_hal_tim.o
LOAD ./HAL/STM32F1xx_HAL_Driver/Src/stm32f1xx_hal_tim_ex.o
LOAD ./HAL/STM32F1xx_HAL_Driver/Src/stm32f1xx_hal_timebase_rtc_alarm_template.o
LOAD ./HAL/STM32F1xx_HAL_Driver/Src/stm32f1xx_hal_uart.o
LOAD ./HAL/STM32F1xx_HAL_Driver/Src/stm32f1xx_hal_usart.o
LOAD ./HAL/STM32F1xx_HAL_Driver/Src/stm32f1xx_hal_wwdg.o
LOAD ./HAL/STM32F1xx_HAL_Driver/Src/stm32f1xx_ll_adc.o
LOAD ./HAL/STM32F1xx_HAL_Driver/Src/stm32f1xx_ll_crc.o
LOAD ./HAL/STM32F1xx_HAL_Driver/Src/stm32f1xx_ll_dac.o
LOAD ./HAL/STM32F1xx_HAL_Driver/Src/stm32f1xx_ll_dma.o
LOAD ./HAL/STM32F1xx_HAL_Driver/Src/stm32f1xx_ll_exti.o
LOAD ./HAL/STM32F1xx_HAL_Driver/Src/stm32f1xx_ll_fsmc.o
LOAD ./HAL/STM32F1xx_HAL_Driver/Src/stm32f1xx_ll_gpio.o
LOAD ./HAL/STM32F1xx_HAL_Driver/Src/stm32f1xx_ll_i2c.o
LOAD ./HAL/STM32F1xx_HAL_Driver/Src/stm32f1xx_ll_pwr.o
LOAD ./HAL/STM32F1xx_HAL_Driver/Src/stm32f1xx_ll_rcc.o
LOAD ./HAL/STM32F1xx_HAL_Driver/Src/stm32f1xx_ll_rtc.o
LOAD ./HAL/STM32F1xx_HAL_Driver/Src/stm32f1xx_ll_sdmmc.o
LOAD ./HAL/STM32F1xx_HAL_Driver/Src/stm32f1xx_ll_spi.o
LOAD ./HAL/STM32F1xx_HAL_Driver/Src/stm32f1xx_ll_tim.o
LOAD ./HAL/STM32F1xx_HAL_Driver/Src/stm32f1xx_ll_usart.o
LOAD ./HAL/STM32F1xx_HAL_Driver/Src/stm32f1xx_ll_usb.o
LOAD ./HAL/STM32F1xx_HAL_Driver/Src/stm32f1xx_ll_utils.o
LOAD ./Peripherals/Src/exti.o
LOAD ./Peripherals/Src/flash.o
LOAD ./Peripherals/Src/gpio.o
LOAD ./Peripherals/Src/lcd_4bit.o
LOAD ./Peripherals/Src/rc522.o
LOAD ./Peripherals/Src/rcc.o
LOAD ./Peripherals/Src/spi.o
LOAD ./Startup/startup_stm32f103xb.o
START GROUP
LOAD D:/ST/STM32CubeIDE_1.13.0/STM32CubeIDE/plugins/com.st.stm32cube.ide.mcu.externaltools.gnu-tools-for-stm32.11.3.rel1.win32_1.1.0.202305231506/tools/bin/../lib/gcc/arm-none-eabi/11.3.1/../../../../arm-none-eabi/lib/thumb/v7-m/nofp\libc_nano.a
LOAD D:/ST/STM32CubeIDE_1.13.0/STM32CubeIDE/plugins/com.st.stm32cube.ide.mcu.externaltools.gnu-tools-for-stm32.11.3.rel1.win32_1.1.0.202305231506/tools/bin/../lib/gcc/arm-none-eabi/11.3.1/../../../../arm-none-eabi/lib/thumb/v7-m/nofp\libm.a
END GROUP
START GROUP
LOAD D:/ST/STM32CubeIDE_1.13.0/STM32CubeIDE/plugins/com.st.stm32cube.ide.mcu.externaltools.gnu-tools-for-stm32.11.3.rel1.win32_1.1.0.202305231506/tools/bin/../lib/gcc/arm-none-eabi/11.3.1/thumb/v7-m/nofp\libgcc.a
LOAD D:/ST/STM32CubeIDE_1.13.0/STM32CubeIDE/plugins/com.st.stm32cube.ide.mcu.externaltools.gnu-tools-for-stm32.11.3.rel1.win32_1.1.0.202305231506/tools/bin/../lib/gcc/arm-none-eabi/11.3.1/../../../../arm-none-eabi/lib/thumb/v7-m/nofp\libc_nano.a
END GROUP
START GROUP
LOAD D:/ST/STM32CubeIDE_1.13.0/STM32CubeIDE/plugins/com.st.stm32cube.ide.mcu.externaltools.gnu-tools-for-stm32.11.3.rel1.win32_1.1.0.202305231506/tools/bin/../lib/gcc/arm-none-eabi/11.3.1/thumb/v7-m/nofp\libgcc.a
LOAD D:/ST/STM32CubeIDE_1.13.0/STM32CubeIDE/plugins/com.st.stm32cube.ide.mcu.externaltools.gnu-tools-for-stm32.11.3.rel1.win32_1.1.0.202305231506/tools/bin/../lib/gcc/arm-none-eabi/11.3.1/../../../../arm-none-eabi/lib/thumb/v7-m/nofp\libc_nano.a
LOAD D:/ST/STM32CubeIDE_1.13.0/STM32CubeIDE/plugins/com.st.stm32cube.ide.mcu.externaltools.gnu-tools-for-stm32.11.3.rel1.win32_1.1.0.202305231506/tools/bin/../lib/gcc/arm-none-eabi/11.3.1/../../../../arm-none-eabi/lib/thumb/v7-m/nofp\libnosys.a
END GROUP
START GROUP
LOAD D:/ST/STM32CubeIDE_1.13.0/STM32CubeIDE/plugins/com.st.stm32cube.ide.mcu.externaltools.gnu-tools-for-stm32.11.3.rel1.win32_1.1.0.202305231506/tools/bin/../lib/gcc/arm-none-eabi/11.3.1/thumb/v7-m/nofp\libgcc.a
LOAD D:/ST/STM32CubeIDE_1.13.0/STM32CubeIDE/plugins/com.st.stm32cube.ide.mcu.externaltools.gnu-tools-for-stm32.11.3.rel1.win32_1.1.0.202305231506/tools/bin/../lib/gcc/arm-none-eabi/11.3.1/../../../../arm-none-eabi/lib/thumb/v7-m/nofp\libc_nano.a
LOAD D:/ST/STM32CubeIDE_1.13.0/STM32CubeIDE/plugins/com.st.stm32cube.ide.mcu.externaltools.gnu-tools-for-stm32.11.3.rel1.win32_1.1.0.202305231506/tools/bin/../lib/gcc/arm-none-eabi/11.3.1/../../../../arm-none-eabi/lib/thumb/v7-m/nofp\libnosys.a
END GROUP
LOAD D:/ST/STM32CubeIDE_1.13.0/STM32CubeIDE/plugins/com.st.stm32cube.ide.mcu.externaltools.gnu-tools-for-stm32.11.3.rel1.win32_1.1.0.202305231506/tools/bin/../lib/gcc/arm-none-eabi/11.3.1/thumb/v7-m/nofp/crtend.o
LOAD D:/ST/STM32CubeIDE_1.13.0/STM32CubeIDE/plugins/com.st.stm32cube.ide.mcu.externaltools.gnu-tools-for-stm32.11.3.rel1.win32_1.1.0.202305231506/tools/bin/../lib/gcc/arm-none-eabi/11.3.1/thumb/v7-m/nofp/crtn.o
                0x0000000020005000                _estack = (ORIGIN (RAM) + LENGTH (RAM))
                0x0000000000000200                _Min_Heap_Size = 0x200
                0x0000000000000400                _Min_Stack_Size = 0x400

.isr_vector     0x0000000008000000      0x10c
                0x0000000008000000                . = ALIGN (0x4)
 *(.isr_vector)
 .isr_vector    0x0000000008000000      0x10c ./Startup/startup_stm32f103xb.o
                0x0000000008000000                g_pfnVectors
                0x000000000800010c                . = ALIGN (0x4)

.text           0x000000000800010c     0x534c
                0x000000000800010c                . = ALIGN (0x4)
 *(.text)
 .text          0x000000000800010c       0x40 D:/ST/STM32CubeIDE_1.13.0/STM32CubeIDE/plugins/com.st.stm32cube.ide.mcu.externaltools.gnu-tools-for-stm32.11.3.rel1.win32_1.1.0.202305231506/tools/bin/../lib/gcc/arm-none-eabi/11.3.1/thumb/v7-m/nofp/crtbegin.o
 *(.text*)
 .text.main     0x000000000800014c       0x28 ./Core/Src/main.o
                0x000000000800014c                main
 .text.HAL_GPIO_EXTI_Callback
                0x0000000008000174       0x6c ./Core/Src/main.o
                0x0000000008000174                HAL_GPIO_EXTI_Callback
 .text.UID_Master_Setup
                0x00000000080001e0       0x7c ./Core/Src/main.o
                0x00000000080001e0                UID_Master_Setup
 .text.Main_Display
                0x000000000800025c       0x68 ./Core/Src/main.o
                0x000000000800025c                Main_Display
 .text.Menu1    0x00000000080002c4       0xd4 ./Core/Src/main.o
                0x00000000080002c4                Menu1
 .text.Menu2    0x0000000008000398       0x44 ./Core/Src/main.o
                0x0000000008000398                Menu2
 .text.Add_New_Card
                0x00000000080003dc      0x204 ./Core/Src/main.o
                0x00000000080003dc                Add_New_Card
 .text.Del_1_Card
                0x00000000080005e0      0x208 ./Core/Src/main.o
                0x00000000080005e0                Del_1_Card
 .text.Del_All_Card
                0x00000000080007e8       0xc0 ./Core/Src/main.o
                0x00000000080007e8                Del_All_Card
 .text.STATUS_OK
                0x00000000080008a8       0x34 ./Core/Src/main.o
                0x00000000080008a8                STATUS_OK
 .text.STATUS_NOT_OK
                0x00000000080008dc       0x34 ./Core/Src/main.o
                0x00000000080008dc                STATUS_NOT_OK
 .text.initializeHardware
                0x0000000008000910       0x2c ./Core/Src/main.o
                0x0000000008000910                initializeHardware
 .text.handleSecurityCard
                0x000000000800093c      0x288 ./Core/Src/main.o
                0x000000000800093c                handleSecurityCard
 .text.WAIT_TO_SCAN_AGAIN
                0x0000000008000bc4       0x74 ./Core/Src/main.o
                0x0000000008000bc4                WAIT_TO_SCAN_AGAIN
 .text.ConvertFlashValue
                0x0000000008000c38       0x42 ./Core/Src/main.o
                0x0000000008000c38                ConvertFlashValue
 *fill*         0x0000000008000c7a        0x2 
 .text.Master_Setup_Display
                0x0000000008000c7c       0x2c ./Core/Src/main.o
                0x0000000008000c7c                Master_Setup_Display
 .text.SysTick_Handler
                0x0000000008000ca8        0xc ./Core/Src/stm32f1xx_it.o
                0x0000000008000ca8                SysTick_Handler
 .text.EXTI15_10_IRQHandler
                0x0000000008000cb4       0x34 ./Core/Src/stm32f1xx_it.o
                0x0000000008000cb4                EXTI15_10_IRQHandler
 .text.SystemInit
                0x0000000008000ce8        0xc ./Core/Src/system_stm32f1xx.o
                0x0000000008000ce8                SystemInit
 .text.HAL_Init
                0x0000000008000cf4       0x2c ./HAL/STM32F1xx_HAL_Driver/Src/stm32f1xx_hal.o
                0x0000000008000cf4                HAL_Init
 .text.HAL_IncTick
                0x0000000008000d20       0x24 ./HAL/STM32F1xx_HAL_Driver/Src/stm32f1xx_hal.o
                0x0000000008000d20                HAL_IncTick
 .text.HAL_GetTick
                0x0000000008000d44       0x14 ./HAL/STM32F1xx_HAL_Driver/Src/stm32f1xx_hal.o
                0x0000000008000d44                HAL_GetTick
 .text.HAL_Delay
                0x0000000008000d58       0x48 ./HAL/STM32F1xx_HAL_Driver/Src/stm32f1xx_hal.o
                0x0000000008000d58                HAL_Delay
 .text.__NVIC_SetPriorityGrouping
                0x0000000008000da0       0x48 ./HAL/STM32F1xx_HAL_Driver/Src/stm32f1xx_hal_cortex.o
 .text.__NVIC_GetPriorityGrouping
                0x0000000008000de8       0x1c ./HAL/STM32F1xx_HAL_Driver/Src/stm32f1xx_hal_cortex.o
 .text.__NVIC_EnableIRQ
                0x0000000008000e04       0x38 ./HAL/STM32F1xx_HAL_Driver/Src/stm32f1xx_hal_cortex.o
 .text.__NVIC_SetPriority
                0x0000000008000e3c       0x54 ./HAL/STM32F1xx_HAL_Driver/Src/stm32f1xx_hal_cortex.o
 .text.NVIC_EncodePriority
                0x0000000008000e90       0x64 ./HAL/STM32F1xx_HAL_Driver/Src/stm32f1xx_hal_cortex.o
 .text.HAL_NVIC_SetPriorityGrouping
                0x0000000008000ef4       0x16 ./HAL/STM32F1xx_HAL_Driver/Src/stm32f1xx_hal_cortex.o
                0x0000000008000ef4                HAL_NVIC_SetPriorityGrouping
 .text.HAL_NVIC_SetPriority
                0x0000000008000f0a       0x38 ./HAL/STM32F1xx_HAL_Driver/Src/stm32f1xx_hal_cortex.o
                0x0000000008000f0a                HAL_NVIC_SetPriority
 .text.HAL_NVIC_EnableIRQ
                0x0000000008000f42       0x1c ./HAL/STM32F1xx_HAL_Driver/Src/stm32f1xx_hal_cortex.o
                0x0000000008000f42                HAL_NVIC_EnableIRQ
 *fill*         0x0000000008000f5e        0x2 
 .text.HAL_FLASH_Program
                0x0000000008000f60       0xe0 ./HAL/STM32F1xx_HAL_Driver/Src/stm32f1xx_hal_flash.o
                0x0000000008000f60                HAL_FLASH_Program
 .text.HAL_FLASH_Unlock
                0x0000000008001040       0x4c ./HAL/STM32F1xx_HAL_Driver/Src/stm32f1xx_hal_flash.o
                0x0000000008001040                HAL_FLASH_Unlock
 .text.HAL_FLASH_Lock
                0x000000000800108c       0x20 ./HAL/STM32F1xx_HAL_Driver/Src/stm32f1xx_hal_flash.o
                0x000000000800108c                HAL_FLASH_Lock
 .text.FLASH_Program_HalfWord
                0x00000000080010ac       0x38 ./HAL/STM32F1xx_HAL_Driver/Src/stm32f1xx_hal_flash.o
 .text.FLASH_WaitForLastOperation
                0x00000000080010e4       0x8c ./HAL/STM32F1xx_HAL_Driver/Src/stm32f1xx_hal_flash.o
                0x00000000080010e4                FLASH_WaitForLastOperation
 .text.FLASH_SetErrorCode
                0x0000000008001170       0xa0 ./HAL/STM32F1xx_HAL_Driver/Src/stm32f1xx_hal_flash.o
 .text.HAL_FLASHEx_Erase
                0x0000000008001210       0xd8 ./HAL/STM32F1xx_HAL_Driver/Src/stm32f1xx_hal_flash_ex.o
                0x0000000008001210                HAL_FLASHEx_Erase
 .text.FLASH_MassErase
                0x00000000080012e8       0x38 ./HAL/STM32F1xx_HAL_Driver/Src/stm32f1xx_hal_flash_ex.o
 .text.FLASH_PageErase
                0x0000000008001320       0x40 ./HAL/STM32F1xx_HAL_Driver/Src/stm32f1xx_hal_flash_ex.o
                0x0000000008001320                FLASH_PageErase
 .text.HAL_GPIO_Init
                0x0000000008001360      0x308 ./HAL/STM32F1xx_HAL_Driver/Src/stm32f1xx_hal_gpio.o
                0x0000000008001360                HAL_GPIO_Init
 .text.HAL_GPIO_WritePin
                0x0000000008001668       0x30 ./HAL/STM32F1xx_HAL_Driver/Src/stm32f1xx_hal_gpio.o
                0x0000000008001668                HAL_GPIO_WritePin
 .text.HAL_GPIO_TogglePin
                0x0000000008001698       0x32 ./HAL/STM32F1xx_HAL_Driver/Src/stm32f1xx_hal_gpio.o
                0x0000000008001698                HAL_GPIO_TogglePin
 *fill*         0x00000000080016ca        0x2 
 .text.HAL_GPIO_EXTI_IRQHandler
                0x00000000080016cc       0x30 ./HAL/STM32F1xx_HAL_Driver/Src/stm32f1xx_hal_gpio.o
                0x00000000080016cc                HAL_GPIO_EXTI_IRQHandler
 .text.HAL_MspInit
                0x00000000080016fc        0xc ./HAL/STM32F1xx_HAL_Driver/Src/stm32f1xx_hal_msp_template.o
                0x00000000080016fc                HAL_MspInit
 .text.HAL_RCC_OscConfig
                0x0000000008001708      0x504 ./HAL/STM32F1xx_HAL_Driver/Src/stm32f1xx_hal_rcc.o
                0x0000000008001708                HAL_RCC_OscConfig
 .text.HAL_RCC_ClockConfig
                0x0000000008001c0c      0x1d4 ./HAL/STM32F1xx_HAL_Driver/Src/stm32f1xx_hal_rcc.o
                0x0000000008001c0c                HAL_RCC_ClockConfig
 .text.HAL_RCC_GetSysClockFreq
                0x0000000008001de0       0xa8 ./HAL/STM32F1xx_HAL_Driver/Src/stm32f1xx_hal_rcc.o
                0x0000000008001de0                HAL_RCC_GetSysClockFreq
 .text.HAL_RCC_GetHCLKFreq
                0x0000000008001e88       0x14 ./HAL/STM32F1xx_HAL_Driver/Src/stm32f1xx_hal_rcc.o
                0x0000000008001e88                HAL_RCC_GetHCLKFreq
 .text.HAL_RCC_GetPCLK2Freq
                0x0000000008001e9c       0x28 ./HAL/STM32F1xx_HAL_Driver/Src/stm32f1xx_hal_rcc.o
                0x0000000008001e9c                HAL_RCC_GetPCLK2Freq
 .text.RCC_Delay
                0x0000000008001ec4       0x3c ./HAL/STM32F1xx_HAL_Driver/Src/stm32f1xx_hal_rcc.o
 .text.HAL_RCCEx_PeriphCLKConfig
                0x0000000008001f00      0x16c ./HAL/STM32F1xx_HAL_Driver/Src/stm32f1xx_hal_rcc_ex.o
                0x0000000008001f00                HAL_RCCEx_PeriphCLKConfig
 .text.HAL_RCCEx_GetPeriphCLKFreq
                0x000000000800206c      0x16c ./HAL/STM32F1xx_HAL_Driver/Src/stm32f1xx_hal_rcc_ex.o
                0x000000000800206c                HAL_RCCEx_GetPeriphCLKFreq
 .text.HAL_RTC_Init
                0x00000000080021d8      0x118 ./HAL/STM32F1xx_HAL_Driver/Src/stm32f1xx_hal_rtc.o
                0x00000000080021d8                HAL_RTC_Init
 .text.HAL_RTC_MspInit
                0x00000000080022f0       0x12 ./HAL/STM32F1xx_HAL_Driver/Src/stm32f1xx_hal_rtc.o
                0x00000000080022f0                HAL_RTC_MspInit
 *fill*         0x0000000008002302        0x2 
 .text.HAL_RTC_AlarmIRQHandler
                0x0000000008002304       0x54 ./HAL/STM32F1xx_HAL_Driver/Src/stm32f1xx_hal_rtc.o
                0x0000000008002304                HAL_RTC_AlarmIRQHandler
 .text.HAL_RTC_WaitForSynchro
                0x0000000008002358       0x5a ./HAL/STM32F1xx_HAL_Driver/Src/stm32f1xx_hal_rtc.o
                0x0000000008002358                HAL_RTC_WaitForSynchro
 .text.RTC_EnterInitMode
                0x00000000080023b2       0x50 ./HAL/STM32F1xx_HAL_Driver/Src/stm32f1xx_hal_rtc.o
 .text.RTC_ExitInitMode
                0x0000000008002402       0x50 ./HAL/STM32F1xx_HAL_Driver/Src/stm32f1xx_hal_rtc.o
 .text.HAL_SPI_Init
                0x0000000008002452      0x118 ./HAL/STM32F1xx_HAL_Driver/Src/stm32f1xx_hal_spi.o
                0x0000000008002452                HAL_SPI_Init
 .text.HAL_SPI_MspInit
                0x000000000800256a       0x12 ./HAL/STM32F1xx_HAL_Driver/Src/stm32f1xx_hal_spi.o
                0x000000000800256a                HAL_SPI_MspInit
 .text.HAL_SPI_Transmit
                0x000000000800257c      0x2ca ./HAL/STM32F1xx_HAL_Driver/Src/stm32f1xx_hal_spi.o
                0x000000000800257c                HAL_SPI_Transmit
 .text.HAL_SPI_Receive
                0x0000000008002846      0x370 ./HAL/STM32F1xx_HAL_Driver/Src/stm32f1xx_hal_spi.o
                0x0000000008002846                HAL_SPI_Receive
 .text.HAL_SPI_TransmitReceive
                0x0000000008002bb6      0x470 ./HAL/STM32F1xx_HAL_Driver/Src/stm32f1xx_hal_spi.o
                0x0000000008002bb6                HAL_SPI_TransmitReceive
 *fill*         0x0000000008003026        0x2 
 .text.SPI_WaitFlagStateUntilTimeout
                0x0000000008003028      0x110 ./HAL/STM32F1xx_HAL_Driver/Src/stm32f1xx_hal_spi.o
 .text.SPI_EndRxTransaction
                0x0000000008003138       0xa4 ./HAL/STM32F1xx_HAL_Driver/Src/stm32f1xx_hal_spi.o
 .text.SPI_EndRxTxTransaction
                0x00000000080031dc       0x3c ./HAL/STM32F1xx_HAL_Driver/Src/stm32f1xx_hal_spi.o
 .text.SPI_ISCRCErrorValid
                0x0000000008003218       0x14 ./HAL/STM32F1xx_HAL_Driver/Src/stm32f1xx_hal_spi.o
                0x0000000008003218                SPI_ISCRCErrorValid
 .text.HAL_InitTick
                0x000000000800322c      0x1d8 ./HAL/STM32F1xx_HAL_Driver/Src/stm32f1xx_hal_timebase_rtc_alarm_template.o
                0x000000000800322c                HAL_InitTick
 .text.HAL_RTC_AlarmAEventCallback
                0x0000000008003404       0x8c ./HAL/STM32F1xx_HAL_Driver/Src/stm32f1xx_hal_timebase_rtc_alarm_template.o
                0x0000000008003404                HAL_RTC_AlarmAEventCallback
 .text.RTC_Alarm_IRQHandler
                0x0000000008003490       0x14 ./HAL/STM32F1xx_HAL_Driver/Src/stm32f1xx_hal_timebase_rtc_alarm_template.o
                0x0000000008003490                RTC_Alarm_IRQHandler
 .text.exti_buttonConfig
                0x00000000080034a4       0x6c ./Peripherals/Src/exti.o
                0x00000000080034a4                exti_buttonConfig
 .text.Flash_Erase
                0x0000000008003510       0x38 ./Peripherals/Src/flash.o
                0x0000000008003510                Flash_Erase
 .text.Flash_Write_2Byte
                0x0000000008003548       0x30 ./Peripherals/Src/flash.o
                0x0000000008003548                Flash_Write_2Byte
 .text.Flash_Write_Array
                0x0000000008003578       0x46 ./Peripherals/Src/flash.o
                0x0000000008003578                Flash_Write_Array
 .text.Flash_Read_2Byte
                0x00000000080035be       0x18 ./Peripherals/Src/flash.o
                0x00000000080035be                Flash_Read_2Byte
 .text.Flash_Read_4Byte
                0x00000000080035d6       0x16 ./Peripherals/Src/flash.o
                0x00000000080035d6                Flash_Read_4Byte
 .text.gpio_Init
                0x00000000080035ec       0x80 ./Peripherals/Src/gpio.o
                0x00000000080035ec                gpio_Init
 .text.LCD_config_gpio
                0x000000000800366c       0x98 ./Peripherals/Src/lcd_4bit.o
                0x000000000800366c                LCD_config_gpio
 .text.LCD_Write
                0x0000000008003704      0x16c ./Peripherals/Src/lcd_4bit.o
                0x0000000008003704                LCD_Write
 .text.LCD_Init
                0x0000000008003870       0x74 ./Peripherals/Src/lcd_4bit.o
                0x0000000008003870                LCD_Init
 .text.SetCursor
                0x00000000080038e4       0x58 ./Peripherals/Src/lcd_4bit.o
                0x00000000080038e4                SetCursor
 .text.WriteChar
                0x000000000800393c       0x1c ./Peripherals/Src/lcd_4bit.o
                0x000000000800393c                WriteChar
 .text.WriteString
                0x0000000008003958       0x2a ./Peripherals/Src/lcd_4bit.o
                0x0000000008003958                WriteString
 .text.Clear    0x0000000008003982       0x16 ./Peripherals/Src/lcd_4bit.o
                0x0000000008003982                Clear
 .text.rc522_init
                0x0000000008003998       0x40 ./Peripherals/Src/rc522.o
                0x0000000008003998                rc522_init
 .text.rc522_regRead8
                0x00000000080039d8       0x54 ./Peripherals/Src/rc522.o
                0x00000000080039d8                rc522_regRead8
 .text.rc522_regWrite8
                0x0000000008003a2c       0x44 ./Peripherals/Src/rc522.o
                0x0000000008003a2c                rc522_regWrite8
 .text.rc522_setBit
                0x0000000008003a70       0x34 ./Peripherals/Src/rc522.o
                0x0000000008003a70                rc522_setBit
 .text.rc522_clearBit
                0x0000000008003aa4       0x3c ./Peripherals/Src/rc522.o
                0x0000000008003aa4                rc522_clearBit
 .text.rc522_reset
                0x0000000008003ae0       0x10 ./Peripherals/Src/rc522.o
                0x0000000008003ae0                rc522_reset
 .text.rc522_antennaON
                0x0000000008003af0       0x2a ./Peripherals/Src/rc522.o
                0x0000000008003af0                rc522_antennaON
 .text.rc522_checkCard
                0x0000000008003b1a       0x36 ./Peripherals/Src/rc522.o
                0x0000000008003b1a                rc522_checkCard
 .text.rc522_request
                0x0000000008003b50       0x54 ./Peripherals/Src/rc522.o
                0x0000000008003b50                rc522_request
 .text.rc522_toCard
                0x0000000008003ba4      0x1d4 ./Peripherals/Src/rc522.o
                0x0000000008003ba4                rc522_toCard
 .text.rc522_antiColl
                0x0000000008003d78       0x7a ./Peripherals/Src/rc522.o
                0x0000000008003d78                rc522_antiColl
 .text.rc522_halt
                0x0000000008003df2       0x36 ./Peripherals/Src/rc522.o
                0x0000000008003df2                rc522_halt
 .text.rc522_calculateCRC
                0x0000000008003e28       0x92 ./Peripherals/Src/rc522.o
                0x0000000008003e28                rc522_calculateCRC
 .text.rcc_systemClockConfig
                0x0000000008003eba       0x8c ./Peripherals/Src/rcc.o
                0x0000000008003eba                rcc_systemClockConfig
 *fill*         0x0000000008003f46        0x2 
 .text.spi_GPIO_config
                0x0000000008003f48       0xa0 ./Peripherals/Src/spi.o
                0x0000000008003f48                spi_GPIO_config
 .text.spi_config
                0x0000000008003fe8       0x90 ./Peripherals/Src/spi.o
                0x0000000008003fe8                spi_config
 .text.spi_CS1_enable
                0x0000000008004078       0x18 ./Peripherals/Src/spi.o
                0x0000000008004078                spi_CS1_enable
 .text.spi_CS1_disable
                0x0000000008004090       0x18 ./Peripherals/Src/spi.o
                0x0000000008004090                spi_CS1_disable
 .text.Reset_Handler
                0x00000000080040a8       0x48 ./Startup/startup_stm32f103xb.o
                0x00000000080040a8                Reset_Handler
 .text.Default_Handler
                0x00000000080040f0        0x2 ./Startup/startup_stm32f103xb.o
                0x00000000080040f0                EXTI2_IRQHandler
                0x00000000080040f0                DebugMon_Handler
                0x00000000080040f0                TIM1_CC_IRQHandler
                0x00000000080040f0                HardFault_Handler
                0x00000000080040f0                PVD_IRQHandler
                0x00000000080040f0                PendSV_Handler
                0x00000000080040f0                NMI_Handler
                0x00000000080040f0                EXTI3_IRQHandler
                0x00000000080040f0                EXTI0_IRQHandler
                0x00000000080040f0                I2C2_EV_IRQHandler
                0x00000000080040f0                UsageFault_Handler
                0x00000000080040f0                ADC1_2_IRQHandler
                0x00000000080040f0                SPI1_IRQHandler
                0x00000000080040f0                TAMPER_IRQHandler
                0x00000000080040f0                DMA1_Channel4_IRQHandler
                0x00000000080040f0                USART3_IRQHandler
                0x00000000080040f0                RTC_IRQHandler
                0x00000000080040f0                DMA1_Channel7_IRQHandler
                0x00000000080040f0                CAN1_RX1_IRQHandler
                0x00000000080040f0                TIM4_IRQHandler
                0x00000000080040f0                I2C1_EV_IRQHandler
                0x00000000080040f0                DMA1_Channel6_IRQHandler
                0x00000000080040f0                TIM3_IRQHandler
                0x00000000080040f0                RCC_IRQHandler
                0x00000000080040f0                TIM1_TRG_COM_IRQHandler
                0x00000000080040f0                DMA1_Channel1_IRQHandler
                0x00000000080040f0                Default_Handler
                0x00000000080040f0                EXTI9_5_IRQHandler
                0x00000000080040f0                SPI2_IRQHandler
                0x00000000080040f0                MemManage_Handler
                0x00000000080040f0                SVC_Handler
                0x00000000080040f0                DMA1_Channel5_IRQHandler
                0x00000000080040f0                EXTI4_IRQHandler
                0x00000000080040f0                USB_LP_CAN1_RX0_IRQHandler
                0x00000000080040f0                USB_HP_CAN1_TX_IRQHandler
                0x00000000080040f0                DMA1_Channel3_IRQHandler
                0x00000000080040f0                TIM1_UP_IRQHandler
                0x00000000080040f0                WWDG_IRQHandler
                0x00000000080040f0                TIM2_IRQHandler
                0x00000000080040f0                TIM1_BRK_IRQHandler
                0x00000000080040f0                EXTI1_IRQHandler
                0x00000000080040f0                USART2_IRQHandler
                0x00000000080040f0                I2C2_ER_IRQHandler
                0x00000000080040f0                DMA1_Channel2_IRQHandler
                0x00000000080040f0                CAN1_SCE_IRQHandler
                0x00000000080040f0                FLASH_IRQHandler
                0x00000000080040f0                BusFault_Handler
                0x00000000080040f0                USART1_IRQHandler
                0x00000000080040f0                I2C1_ER_IRQHandler
                0x00000000080040f0                USBWakeUp_IRQHandler
 *fill*         0x00000000080040f2        0x2 
 .text.std      0x00000000080040f4       0x48 D:/ST/STM32CubeIDE_1.13.0/STM32CubeIDE/plugins/com.st.stm32cube.ide.mcu.externaltools.gnu-tools-for-stm32.11.3.rel1.win32_1.1.0.202305231506/tools/bin/../lib/gcc/arm-none-eabi/11.3.1/../../../../arm-none-eabi/lib/thumb/v7-m/nofp\libc_nano.a(libc_a-findfp.o)
 .text.stdio_exit_handler
                0x000000000800413c       0x18 D:/ST/STM32CubeIDE_1.13.0/STM32CubeIDE/plugins/com.st.stm32cube.ide.mcu.externaltools.gnu-tools-for-stm32.11.3.rel1.win32_1.1.0.202305231506/tools/bin/../lib/gcc/arm-none-eabi/11.3.1/../../../../arm-none-eabi/lib/thumb/v7-m/nofp\libc_nano.a(libc_a-findfp.o)
 .text.cleanup_stdio
                0x0000000008004154       0x40 D:/ST/STM32CubeIDE_1.13.0/STM32CubeIDE/plugins/com.st.stm32cube.ide.mcu.externaltools.gnu-tools-for-stm32.11.3.rel1.win32_1.1.0.202305231506/tools/bin/../lib/gcc/arm-none-eabi/11.3.1/../../../../arm-none-eabi/lib/thumb/v7-m/nofp\libc_nano.a(libc_a-findfp.o)
 .text.global_stdio_init.part.0
                0x0000000008004194       0x3c D:/ST/STM32CubeIDE_1.13.0/STM32CubeIDE/plugins/com.st.stm32cube.ide.mcu.externaltools.gnu-tools-for-stm32.11.3.rel1.win32_1.1.0.202305231506/tools/bin/../lib/gcc/arm-none-eabi/11.3.1/../../../../arm-none-eabi/lib/thumb/v7-m/nofp\libc_nano.a(libc_a-findfp.o)
 .text.__sfp_lock_acquire
                0x00000000080041d0        0xc D:/ST/STM32CubeIDE_1.13.0/STM32CubeIDE/plugins/com.st.stm32cube.ide.mcu.externaltools.gnu-tools-for-stm32.11.3.rel1.win32_1.1.0.202305231506/tools/bin/../lib/gcc/arm-none-eabi/11.3.1/../../../../arm-none-eabi/lib/thumb/v7-m/nofp\libc_nano.a(libc_a-findfp.o)
                0x00000000080041d0                __sfp_lock_acquire
 .text.__sfp_lock_release
                0x00000000080041dc        0xc D:/ST/STM32CubeIDE_1.13.0/STM32CubeIDE/plugins/com.st.stm32cube.ide.mcu.externaltools.gnu-tools-for-stm32.11.3.rel1.win32_1.1.0.202305231506/tools/bin/../lib/gcc/arm-none-eabi/11.3.1/../../../../arm-none-eabi/lib/thumb/v7-m/nofp\libc_nano.a(libc_a-findfp.o)
                0x00000000080041dc                __sfp_lock_release
 .text.__sinit  0x00000000080041e8       0x30 D:/ST/STM32CubeIDE_1.13.0/STM32CubeIDE/plugins/com.st.stm32cube.ide.mcu.externaltools.gnu-tools-for-stm32.11.3.rel1.win32_1.1.0.202305231506/tools/bin/../lib/gcc/arm-none-eabi/11.3.1/../../../../arm-none-eabi/lib/thumb/v7-m/nofp\libc_nano.a(libc_a-findfp.o)
                0x00000000080041e8                __sinit
 .text._fwalk_sglue
                0x0000000008004218       0x3c D:/ST/STM32CubeIDE_1.13.0/STM32CubeIDE/plugins/com.st.stm32cube.ide.mcu.externaltools.gnu-tools-for-stm32.11.3.rel1.win32_1.1.0.202305231506/tools/bin/../lib/gcc/arm-none-eabi/11.3.1/../../../../arm-none-eabi/lib/thumb/v7-m/nofp\libc_nano.a(libc_a-fwalk.o)
                0x0000000008004218                _fwalk_sglue
 .text.printf   0x0000000008004254       0x24 D:/ST/STM32CubeIDE_1.13.0/STM32CubeIDE/plugins/com.st.stm32cube.ide.mcu.externaltools.gnu-tools-for-stm32.11.3.rel1.win32_1.1.0.202305231506/tools/bin/../lib/gcc/arm-none-eabi/11.3.1/../../../../arm-none-eabi/lib/thumb/v7-m/nofp\libc_nano.a(libc_a-printf.o)
                0x0000000008004254                iprintf
                0x0000000008004254                printf
 .text._puts_r  0x0000000008004278       0xa8 D:/ST/STM32CubeIDE_1.13.0/STM32CubeIDE/plugins/com.st.stm32cube.ide.mcu.externaltools.gnu-tools-for-stm32.11.3.rel1.win32_1.1.0.202305231506/tools/bin/../lib/gcc/arm-none-eabi/11.3.1/../../../../arm-none-eabi/lib/thumb/v7-m/nofp\libc_nano.a(libc_a-puts.o)
                0x0000000008004278                _puts_r
 .text.puts     0x0000000008004320       0x10 D:/ST/STM32CubeIDE_1.13.0/STM32CubeIDE/plugins/com.st.stm32cube.ide.mcu.externaltools.gnu-tools-for-stm32.11.3.rel1.win32_1.1.0.202305231506/tools/bin/../lib/gcc/arm-none-eabi/11.3.1/../../../../arm-none-eabi/lib/thumb/v7-m/nofp\libc_nano.a(libc_a-puts.o)
                0x0000000008004320                puts
 .text.sprintf  0x0000000008004330       0x40 D:/ST/STM32CubeIDE_1.13.0/STM32CubeIDE/plugins/com.st.stm32cube.ide.mcu.externaltools.gnu-tools-for-stm32.11.3.rel1.win32_1.1.0.202305231506/tools/bin/../lib/gcc/arm-none-eabi/11.3.1/../../../../arm-none-eabi/lib/thumb/v7-m/nofp\libc_nano.a(libc_a-sprintf.o)
                0x0000000008004330                siprintf
                0x0000000008004330                sprintf
 .text.__sread  0x0000000008004370       0x22 D:/ST/STM32CubeIDE_1.13.0/STM32CubeIDE/plugins/com.st.stm32cube.ide.mcu.externaltools.gnu-tools-for-stm32.11.3.rel1.win32_1.1.0.202305231506/tools/bin/../lib/gcc/arm-none-eabi/11.3.1/../../../../arm-none-eabi/lib/thumb/v7-m/nofp\libc_nano.a(libc_a-stdio.o)
                0x0000000008004370                __sread
 .text.__swrite
                0x0000000008004392       0x38 D:/ST/STM32CubeIDE_1.13.0/STM32CubeIDE/plugins/com.st.stm32cube.ide.mcu.externaltools.gnu-tools-for-stm32.11.3.rel1.win32_1.1.0.202305231506/tools/bin/../lib/gcc/arm-none-eabi/11.3.1/../../../../arm-none-eabi/lib/thumb/v7-m/nofp\libc_nano.a(libc_a-stdio.o)
                0x0000000008004392                __swrite
 .text.__sseek  0x00000000080043ca       0x24 D:/ST/STM32CubeIDE_1.13.0/STM32CubeIDE/plugins/com.st.stm32cube.ide.mcu.externaltools.gnu-tools-for-stm32.11.3.rel1.win32_1.1.0.202305231506/tools/bin/../lib/gcc/arm-none-eabi/11.3.1/../../../../arm-none-eabi/lib/thumb/v7-m/nofp\libc_nano.a(libc_a-stdio.o)
                0x00000000080043ca                __sseek
 .text.__sclose
                0x00000000080043ee        0x8 D:/ST/STM32CubeIDE_1.13.0/STM32CubeIDE/plugins/com.st.stm32cube.ide.mcu.externaltools.gnu-tools-for-stm32.11.3.rel1.win32_1.1.0.202305231506/tools/bin/../lib/gcc/arm-none-eabi/11.3.1/../../../../arm-none-eabi/lib/thumb/v7-m/nofp\libc_nano.a(libc_a-stdio.o)
                0x00000000080043ee                __sclose
 .text.__swbuf_r
                0x00000000080043f6       0x7a D:/ST/STM32CubeIDE_1.13.0/STM32CubeIDE/plugins/com.st.stm32cube.ide.mcu.externaltools.gnu-tools-for-stm32.11.3.rel1.win32_1.1.0.202305231506/tools/bin/../lib/gcc/arm-none-eabi/11.3.1/../../../../arm-none-eabi/lib/thumb/v7-m/nofp\libc_nano.a(libc_a-wbuf.o)
                0x00000000080043f6                __swbuf_r
 .text.__swsetup_r
                0x0000000008004470       0xb0 D:/ST/STM32CubeIDE_1.13.0/STM32CubeIDE/plugins/com.st.stm32cube.ide.mcu.externaltools.gnu-tools-for-stm32.11.3.rel1.win32_1.1.0.202305231506/tools/bin/../lib/gcc/arm-none-eabi/11.3.1/../../../../arm-none-eabi/lib/thumb/v7-m/nofp\libc_nano.a(libc_a-wsetup.o)
                0x0000000008004470                __swsetup_r
 .text.memcmp   0x0000000008004520       0x20 D:/ST/STM32CubeIDE_1.13.0/STM32CubeIDE/plugins/com.st.stm32cube.ide.mcu.externaltools.gnu-tools-for-stm32.11.3.rel1.win32_1.1.0.202305231506/tools/bin/../lib/gcc/arm-none-eabi/11.3.1/../../../../arm-none-eabi/lib/thumb/v7-m/nofp\libc_nano.a(libc_a-memcmp.o)
                0x0000000008004520                memcmp
 .text.memset   0x0000000008004540       0x10 D:/ST/STM32CubeIDE_1.13.0/STM32CubeIDE/plugins/com.st.stm32cube.ide.mcu.externaltools.gnu-tools-for-stm32.11.3.rel1.win32_1.1.0.202305231506/tools/bin/../lib/gcc/arm-none-eabi/11.3.1/../../../../arm-none-eabi/lib/thumb/v7-m/nofp\libc_nano.a(libc_a-memset.o)
                0x0000000008004540                memset
 .text._close_r
                0x0000000008004550       0x20 D:/ST/STM32CubeIDE_1.13.0/STM32CubeIDE/plugins/com.st.stm32cube.ide.mcu.externaltools.gnu-tools-for-stm32.11.3.rel1.win32_1.1.0.202305231506/tools/bin/../lib/gcc/arm-none-eabi/11.3.1/../../../../arm-none-eabi/lib/thumb/v7-m/nofp\libc_nano.a(libc_a-closer.o)
                0x0000000008004550                _close_r
 .text._lseek_r
                0x0000000008004570       0x24 D:/ST/STM32CubeIDE_1.13.0/STM32CubeIDE/plugins/com.st.stm32cube.ide.mcu.externaltools.gnu-tools-for-stm32.11.3.rel1.win32_1.1.0.202305231506/tools/bin/../lib/gcc/arm-none-eabi/11.3.1/../../../../arm-none-eabi/lib/thumb/v7-m/nofp\libc_nano.a(libc_a-lseekr.o)
                0x0000000008004570                _lseek_r
 .text._read_r  0x0000000008004594       0x24 D:/ST/STM32CubeIDE_1.13.0/STM32CubeIDE/plugins/com.st.stm32cube.ide.mcu.externaltools.gnu-tools-for-stm32.11.3.rel1.win32_1.1.0.202305231506/tools/bin/../lib/gcc/arm-none-eabi/11.3.1/../../../../arm-none-eabi/lib/thumb/v7-m/nofp\libc_nano.a(libc_a-readr.o)
                0x0000000008004594                _read_r
 .text._write_r
                0x00000000080045b8       0x24 D:/ST/STM32CubeIDE_1.13.0/STM32CubeIDE/plugins/com.st.stm32cube.ide.mcu.externaltools.gnu-tools-for-stm32.11.3.rel1.win32_1.1.0.202305231506/tools/bin/../lib/gcc/arm-none-eabi/11.3.1/../../../../arm-none-eabi/lib/thumb/v7-m/nofp\libc_nano.a(libc_a-writer.o)
                0x00000000080045b8                _write_r
 .text.__libc_init_array
                0x00000000080045dc       0x48 D:/ST/STM32CubeIDE_1.13.0/STM32CubeIDE/plugins/com.st.stm32cube.ide.mcu.externaltools.gnu-tools-for-stm32.11.3.rel1.win32_1.1.0.202305231506/tools/bin/../lib/gcc/arm-none-eabi/11.3.1/../../../../arm-none-eabi/lib/thumb/v7-m/nofp\libc_nano.a(libc_a-init.o)
                0x00000000080045dc                __libc_init_array
 .text.__retarget_lock_acquire_recursive
                0x0000000008004624        0x2 D:/ST/STM32CubeIDE_1.13.0/STM32CubeIDE/plugins/com.st.stm32cube.ide.mcu.externaltools.gnu-tools-for-stm32.11.3.rel1.win32_1.1.0.202305231506/tools/bin/../lib/gcc/arm-none-eabi/11.3.1/../../../../arm-none-eabi/lib/thumb/v7-m/nofp\libc_nano.a(libc_a-lock.o)
                0x0000000008004624                __retarget_lock_acquire_recursive
 .text.__retarget_lock_release_recursive
                0x0000000008004626        0x2 D:/ST/STM32CubeIDE_1.13.0/STM32CubeIDE/plugins/com.st.stm32cube.ide.mcu.externaltools.gnu-tools-for-stm32.11.3.rel1.win32_1.1.0.202305231506/tools/bin/../lib/gcc/arm-none-eabi/11.3.1/../../../../arm-none-eabi/lib/thumb/v7-m/nofp\libc_nano.a(libc_a-lock.o)
                0x0000000008004626                __retarget_lock_release_recursive
 .text._free_r  0x0000000008004628       0x90 D:/ST/STM32CubeIDE_1.13.0/STM32CubeIDE/plugins/com.st.stm32cube.ide.mcu.externaltools.gnu-tools-for-stm32.11.3.rel1.win32_1.1.0.202305231506/tools/bin/../lib/gcc/arm-none-eabi/11.3.1/../../../../arm-none-eabi/lib/thumb/v7-m/nofp\libc_nano.a(libc_a-freer.o)
                0x0000000008004628                _free_r
 .text.sbrk_aligned
                0x00000000080046b8       0x40 D:/ST/STM32CubeIDE_1.13.0/STM32CubeIDE/plugins/com.st.stm32cube.ide.mcu.externaltools.gnu-tools-for-stm32.11.3.rel1.win32_1.1.0.202305231506/tools/bin/../lib/gcc/arm-none-eabi/11.3.1/../../../../arm-none-eabi/lib/thumb/v7-m/nofp\libc_nano.a(libc_a-mallocr.o)
 .text._malloc_r
                0x00000000080046f8      0x100 D:/ST/STM32CubeIDE_1.13.0/STM32CubeIDE/plugins/com.st.stm32cube.ide.mcu.externaltools.gnu-tools-for-stm32.11.3.rel1.win32_1.1.0.202305231506/tools/bin/../lib/gcc/arm-none-eabi/11.3.1/../../../../arm-none-eabi/lib/thumb/v7-m/nofp\libc_nano.a(libc_a-mallocr.o)
                0x00000000080046f8                _malloc_r
 .text.__malloc_lock
                0x00000000080047f8        0xc D:/ST/STM32CubeIDE_1.13.0/STM32CubeIDE/plugins/com.st.stm32cube.ide.mcu.externaltools.gnu-tools-for-stm32.11.3.rel1.win32_1.1.0.202305231506/tools/bin/../lib/gcc/arm-none-eabi/11.3.1/../../../../arm-none-eabi/lib/thumb/v7-m/nofp\libc_nano.a(libc_a-mlock.o)
                0x00000000080047f8                __malloc_lock
 .text.__malloc_unlock
                0x0000000008004804        0xc D:/ST/STM32CubeIDE_1.13.0/STM32CubeIDE/plugins/com.st.stm32cube.ide.mcu.externaltools.gnu-tools-for-stm32.11.3.rel1.win32_1.1.0.202305231506/tools/bin/../lib/gcc/arm-none-eabi/11.3.1/../../../../arm-none-eabi/lib/thumb/v7-m/nofp\libc_nano.a(libc_a-mlock.o)
                0x0000000008004804                __malloc_unlock
 .text.__ssputs_r
                0x0000000008004810       0xb4 D:/ST/STM32CubeIDE_1.13.0/STM32CubeIDE/plugins/com.st.stm32cube.ide.mcu.externaltools.gnu-tools-for-stm32.11.3.rel1.win32_1.1.0.202305231506/tools/bin/../lib/gcc/arm-none-eabi/11.3.1/../../../../arm-none-eabi/lib/thumb/v7-m/nofp\libc_nano.a(libc_a-nano-svfprintf.o)
                0x0000000008004810                __ssputs_r
 .text._svfprintf_r
                0x00000000080048c4      0x1fc D:/ST/STM32CubeIDE_1.13.0/STM32CubeIDE/plugins/com.st.stm32cube.ide.mcu.externaltools.gnu-tools-for-stm32.11.3.rel1.win32_1.1.0.202305231506/tools/bin/../lib/gcc/arm-none-eabi/11.3.1/../../../../arm-none-eabi/lib/thumb/v7-m/nofp\libc_nano.a(libc_a-nano-svfprintf.o)
                0x00000000080048c4                _svfiprintf_r
                0x00000000080048c4                _svfprintf_r
 .text.__sfputc_r
                0x0000000008004ac0       0x2a D:/ST/STM32CubeIDE_1.13.0/STM32CubeIDE/plugins/com.st.stm32cube.ide.mcu.externaltools.gnu-tools-for-stm32.11.3.rel1.win32_1.1.0.202305231506/tools/bin/../lib/gcc/arm-none-eabi/11.3.1/../../../../arm-none-eabi/lib/thumb/v7-m/nofp\libc_nano.a(libc_a-nano-vfprintf.o)
 .text.__sfputs_r
                0x0000000008004aea       0x24 D:/ST/STM32CubeIDE_1.13.0/STM32CubeIDE/plugins/com.st.stm32cube.ide.mcu.externaltools.gnu-tools-for-stm32.11.3.rel1.win32_1.1.0.202305231506/tools/bin/../lib/gcc/arm-none-eabi/11.3.1/../../../../arm-none-eabi/lib/thumb/v7-m/nofp\libc_nano.a(libc_a-nano-vfprintf.o)
                0x0000000008004aea                __sfputs_r
 *fill*         0x0000000008004b0e        0x2 
 .text._vfprintf_r
                0x0000000008004b10      0x234 D:/ST/STM32CubeIDE_1.13.0/STM32CubeIDE/plugins/com.st.stm32cube.ide.mcu.externaltools.gnu-tools-for-stm32.11.3.rel1.win32_1.1.0.202305231506/tools/bin/../lib/gcc/arm-none-eabi/11.3.1/../../../../arm-none-eabi/lib/thumb/v7-m/nofp\libc_nano.a(libc_a-nano-vfprintf.o)
                0x0000000008004b10                _vfprintf_r
                0x0000000008004b10                _vfiprintf_r
 .text._printf_common
                0x0000000008004d44       0xe4 D:/ST/STM32CubeIDE_1.13.0/STM32CubeIDE/plugins/com.st.stm32cube.ide.mcu.externaltools.gnu-tools-for-stm32.11.3.rel1.win32_1.1.0.202305231506/tools/bin/../lib/gcc/arm-none-eabi/11.3.1/../../../../arm-none-eabi/lib/thumb/v7-m/nofp\libc_nano.a(libc_a-nano-vfprintf_i.o)
                0x0000000008004d44                _printf_common
 .text._printf_i
                0x0000000008004e28      0x244 D:/ST/STM32CubeIDE_1.13.0/STM32CubeIDE/plugins/com.st.stm32cube.ide.mcu.externaltools.gnu-tools-for-stm32.11.3.rel1.win32_1.1.0.202305231506/tools/bin/../lib/gcc/arm-none-eabi/11.3.1/../../../../arm-none-eabi/lib/thumb/v7-m/nofp\libc_nano.a(libc_a-nano-vfprintf_i.o)
                0x0000000008004e28                _printf_i
 .text.__sflush_r
                0x000000000800506c      0x104 D:/ST/STM32CubeIDE_1.13.0/STM32CubeIDE/plugins/com.st.stm32cube.ide.mcu.externaltools.gnu-tools-for-stm32.11.3.rel1.win32_1.1.0.202305231506/tools/bin/../lib/gcc/arm-none-eabi/11.3.1/../../../../arm-none-eabi/lib/thumb/v7-m/nofp\libc_nano.a(libc_a-fflush.o)
                0x000000000800506c                __sflush_r
 .text._fflush_r
                0x0000000008005170       0x50 D:/ST/STM32CubeIDE_1.13.0/STM32CubeIDE/plugins/com.st.stm32cube.ide.mcu.externaltools.gnu-tools-for-stm32.11.3.rel1.win32_1.1.0.202305231506/tools/bin/../lib/gcc/arm-none-eabi/11.3.1/../../../../arm-none-eabi/lib/thumb/v7-m/nofp\libc_nano.a(libc_a-fflush.o)
                0x0000000008005170                _fflush_r
 .text.__swhatbuf_r
                0x00000000080051c0       0x4a D:/ST/STM32CubeIDE_1.13.0/STM32CubeIDE/plugins/com.st.stm32cube.ide.mcu.externaltools.gnu-tools-for-stm32.11.3.rel1.win32_1.1.0.202305231506/tools/bin/../lib/gcc/arm-none-eabi/11.3.1/../../../../arm-none-eabi/lib/thumb/v7-m/nofp\libc_nano.a(libc_a-makebuf.o)
                0x00000000080051c0                __swhatbuf_r
 .text.__smakebuf_r
                0x000000000800520a       0x78 D:/ST/STM32CubeIDE_1.13.0/STM32CubeIDE/plugins/com.st.stm32cube.ide.mcu.externaltools.gnu-tools-for-stm32.11.3.rel1.win32_1.1.0.202305231506/tools/bin/../lib/gcc/arm-none-eabi/11.3.1/../../../../arm-none-eabi/lib/thumb/v7-m/nofp\libc_nano.a(libc_a-makebuf.o)
                0x000000000800520a                __smakebuf_r
 .text.memmove  0x0000000008005282       0x34 D:/ST/STM32CubeIDE_1.13.0/STM32CubeIDE/plugins/com.st.stm32cube.ide.mcu.externaltools.gnu-tools-for-stm32.11.3.rel1.win32_1.1.0.202305231506/tools/bin/../lib/gcc/arm-none-eabi/11.3.1/../../../../arm-none-eabi/lib/thumb/v7-m/nofp\libc_nano.a(libc_a-memmove.o)
                0x0000000008005282                memmove
 *fill*         0x00000000080052b6        0x2 
 .text._fstat_r
                0x00000000080052b8       0x24 D:/ST/STM32CubeIDE_1.13.0/STM32CubeIDE/plugins/com.st.stm32cube.ide.mcu.externaltools.gnu-tools-for-stm32.11.3.rel1.win32_1.1.0.202305231506/tools/bin/../lib/gcc/arm-none-eabi/11.3.1/../../../../arm-none-eabi/lib/thumb/v7-m/nofp\libc_nano.a(libc_a-fstatr.o)
                0x00000000080052b8                _fstat_r
 .text._isatty_r
                0x00000000080052dc       0x20 D:/ST/STM32CubeIDE_1.13.0/STM32CubeIDE/plugins/com.st.stm32cube.ide.mcu.externaltools.gnu-tools-for-stm32.11.3.rel1.win32_1.1.0.202305231506/tools/bin/../lib/gcc/arm-none-eabi/11.3.1/../../../../arm-none-eabi/lib/thumb/v7-m/nofp\libc_nano.a(libc_a-isattyr.o)
                0x00000000080052dc                _isatty_r
 .text._sbrk_r  0x00000000080052fc       0x20 D:/ST/STM32CubeIDE_1.13.0/STM32CubeIDE/plugins/com.st.stm32cube.ide.mcu.externaltools.gnu-tools-for-stm32.11.3.rel1.win32_1.1.0.202305231506/tools/bin/../lib/gcc/arm-none-eabi/11.3.1/../../../../arm-none-eabi/lib/thumb/v7-m/nofp\libc_nano.a(libc_a-sbrkr.o)
                0x00000000080052fc                _sbrk_r
 .text.memchr   0x000000000800531c       0x1c D:/ST/STM32CubeIDE_1.13.0/STM32CubeIDE/plugins/com.st.stm32cube.ide.mcu.externaltools.gnu-tools-for-stm32.11.3.rel1.win32_1.1.0.202305231506/tools/bin/../lib/gcc/arm-none-eabi/11.3.1/../../../../arm-none-eabi/lib/thumb/v7-m/nofp\libc_nano.a(libc_a-memchr-stub.o)
                0x000000000800531c                memchr
 .text.memcpy   0x0000000008005338       0x1c D:/ST/STM32CubeIDE_1.13.0/STM32CubeIDE/plugins/com.st.stm32cube.ide.mcu.externaltools.gnu-tools-for-stm32.11.3.rel1.win32_1.1.0.202305231506/tools/bin/../lib/gcc/arm-none-eabi/11.3.1/../../../../arm-none-eabi/lib/thumb/v7-m/nofp\libc_nano.a(libc_a-memcpy-stub.o)
                0x0000000008005338                memcpy
 .text._realloc_r
                0x0000000008005354       0x5e D:/ST/STM32CubeIDE_1.13.0/STM32CubeIDE/plugins/com.st.stm32cube.ide.mcu.externaltools.gnu-tools-for-stm32.11.3.rel1.win32_1.1.0.202305231506/tools/bin/../lib/gcc/arm-none-eabi/11.3.1/../../../../arm-none-eabi/lib/thumb/v7-m/nofp\libc_nano.a(libc_a-reallocr.o)
                0x0000000008005354                _realloc_r
 .text._malloc_usable_size_r
                0x00000000080053b2       0x10 D:/ST/STM32CubeIDE_1.13.0/STM32CubeIDE/plugins/com.st.stm32cube.ide.mcu.externaltools.gnu-tools-for-stm32.11.3.rel1.win32_1.1.0.202305231506/tools/bin/../lib/gcc/arm-none-eabi/11.3.1/../../../../arm-none-eabi/lib/thumb/v7-m/nofp\libc_nano.a(libc_a-msizer.o)
                0x00000000080053b2                _malloc_usable_size_r
 *fill*         0x00000000080053c2        0x2 
 .text._close   0x00000000080053c4       0x10 D:/ST/STM32CubeIDE_1.13.0/STM32CubeIDE/plugins/com.st.stm32cube.ide.mcu.externaltools.gnu-tools-for-stm32.11.3.rel1.win32_1.1.0.202305231506/tools/bin/../lib/gcc/arm-none-eabi/11.3.1/../../../../arm-none-eabi/lib/thumb/v7-m/nofp\libnosys.a(close.o)
                0x00000000080053c4                _close
 .text._fstat   0x00000000080053d4       0x10 D:/ST/STM32CubeIDE_1.13.0/STM32CubeIDE/plugins/com.st.stm32cube.ide.mcu.externaltools.gnu-tools-for-stm32.11.3.rel1.win32_1.1.0.202305231506/tools/bin/../lib/gcc/arm-none-eabi/11.3.1/../../../../arm-none-eabi/lib/thumb/v7-m/nofp\libnosys.a(fstat.o)
                0x00000000080053d4                _fstat
 .text._isatty  0x00000000080053e4       0x10 D:/ST/STM32CubeIDE_1.13.0/STM32CubeIDE/plugins/com.st.stm32cube.ide.mcu.externaltools.gnu-tools-for-stm32.11.3.rel1.win32_1.1.0.202305231506/tools/bin/../lib/gcc/arm-none-eabi/11.3.1/../../../../arm-none-eabi/lib/thumb/v7-m/nofp\libnosys.a(isatty.o)
                0x00000000080053e4                _isatty
 .text._lseek   0x00000000080053f4       0x10 D:/ST/STM32CubeIDE_1.13.0/STM32CubeIDE/plugins/com.st.stm32cube.ide.mcu.externaltools.gnu-tools-for-stm32.11.3.rel1.win32_1.1.0.202305231506/tools/bin/../lib/gcc/arm-none-eabi/11.3.1/../../../../arm-none-eabi/lib/thumb/v7-m/nofp\libnosys.a(lseek.o)
                0x00000000080053f4                _lseek
 .text._read    0x0000000008005404       0x10 D:/ST/STM32CubeIDE_1.13.0/STM32CubeIDE/plugins/com.st.stm32cube.ide.mcu.externaltools.gnu-tools-for-stm32.11.3.rel1.win32_1.1.0.202305231506/tools/bin/../lib/gcc/arm-none-eabi/11.3.1/../../../../arm-none-eabi/lib/thumb/v7-m/nofp\libnosys.a(read.o)
                0x0000000008005404                _read
 .text._sbrk    0x0000000008005414       0x1c D:/ST/STM32CubeIDE_1.13.0/STM32CubeIDE/plugins/com.st.stm32cube.ide.mcu.externaltools.gnu-tools-for-stm32.11.3.rel1.win32_1.1.0.202305231506/tools/bin/../lib/gcc/arm-none-eabi/11.3.1/../../../../arm-none-eabi/lib/thumb/v7-m/nofp\libnosys.a(sbrk.o)
                0x0000000008005414                _sbrk
 .text._write   0x0000000008005430       0x10 D:/ST/STM32CubeIDE_1.13.0/STM32CubeIDE/plugins/com.st.stm32cube.ide.mcu.externaltools.gnu-tools-for-stm32.11.3.rel1.win32_1.1.0.202305231506/tools/bin/../lib/gcc/arm-none-eabi/11.3.1/../../../../arm-none-eabi/lib/thumb/v7-m/nofp\libnosys.a(write.o)
                0x0000000008005430                _write
 *(.glue_7)
 .glue_7        0x0000000008005440        0x0 linker stubs
 *(.glue_7t)
 .glue_7t       0x0000000008005440        0x0 linker stubs
 *(.eh_frame)
 .eh_frame      0x0000000008005440        0x0 D:/ST/STM32CubeIDE_1.13.0/STM32CubeIDE/plugins/com.st.stm32cube.ide.mcu.externaltools.gnu-tools-for-stm32.11.3.rel1.win32_1.1.0.202305231506/tools/bin/../lib/gcc/arm-none-eabi/11.3.1/thumb/v7-m/nofp/crtbegin.o
 *(.init)
 .init          0x0000000008005440        0x4 D:/ST/STM32CubeIDE_1.13.0/STM32CubeIDE/plugins/com.st.stm32cube.ide.mcu.externaltools.gnu-tools-for-stm32.11.3.rel1.win32_1.1.0.202305231506/tools/bin/../lib/gcc/arm-none-eabi/11.3.1/thumb/v7-m/nofp/crti.o
                0x0000000008005440                _init
 .init          0x0000000008005444        0x8 D:/ST/STM32CubeIDE_1.13.0/STM32CubeIDE/plugins/com.st.stm32cube.ide.mcu.externaltools.gnu-tools-for-stm32.11.3.rel1.win32_1.1.0.202305231506/tools/bin/../lib/gcc/arm-none-eabi/11.3.1/thumb/v7-m/nofp/crtn.o
 *(.fini)
 .fini          0x000000000800544c        0x4 D:/ST/STM32CubeIDE_1.13.0/STM32CubeIDE/plugins/com.st.stm32cube.ide.mcu.externaltools.gnu-tools-for-stm32.11.3.rel1.win32_1.1.0.202305231506/tools/bin/../lib/gcc/arm-none-eabi/11.3.1/thumb/v7-m/nofp/crti.o
                0x000000000800544c                _fini
 .fini          0x0000000008005450        0x8 D:/ST/STM32CubeIDE_1.13.0/STM32CubeIDE/plugins/com.st.stm32cube.ide.mcu.externaltools.gnu-tools-for-stm32.11.3.rel1.win32_1.1.0.202305231506/tools/bin/../lib/gcc/arm-none-eabi/11.3.1/thumb/v7-m/nofp/crtn.o
                0x0000000008005458                . = ALIGN (0x4)
                0x0000000008005458                _etext = .

.vfp11_veneer   0x0000000008005458        0x0
 .vfp11_veneer  0x0000000008005458        0x0 linker stubs

.v4_bx          0x0000000008005458        0x0
 .v4_bx         0x0000000008005458        0x0 linker stubs

.iplt           0x0000000008005458        0x0
 .iplt          0x0000000008005458        0x0 D:/ST/STM32CubeIDE_1.13.0/STM32CubeIDE/plugins/com.st.stm32cube.ide.mcu.externaltools.gnu-tools-for-stm32.11.3.rel1.win32_1.1.0.202305231506/tools/bin/../lib/gcc/arm-none-eabi/11.3.1/thumb/v7-m/nofp/crtbegin.o

.rodata         0x0000000008005458      0x280
                0x0000000008005458                . = ALIGN (0x4)
 *(.rodata)
 .rodata        0x0000000008005458      0x1f8 ./Core/Src/main.o
 .rodata        0x0000000008005650       0x13 ./Peripherals/Src/rc522.o
 *(.rodata*)
 *fill*         0x0000000008005663        0x1 
 .rodata.AHBPrescTable
                0x0000000008005664       0x10 ./Core/Src/system_stm32f1xx.o
                0x0000000008005664                AHBPrescTable
 .rodata.APBPrescTable
                0x0000000008005674        0x8 ./Core/Src/system_stm32f1xx.o
                0x0000000008005674                APBPrescTable
 .rodata.aPLLMULFactorTable.1
                0x000000000800567c       0x10 ./HAL/STM32F1xx_HAL_Driver/Src/stm32f1xx_hal_rcc.o
 .rodata.aPredivFactorTable.0
                0x000000000800568c        0x2 ./HAL/STM32F1xx_HAL_Driver/Src/stm32f1xx_hal_rcc.o
 *fill*         0x000000000800568e        0x2 
 .rodata.aPLLMULFactorTable.1
                0x0000000008005690       0x10 ./HAL/STM32F1xx_HAL_Driver/Src/stm32f1xx_hal_rcc_ex.o
 .rodata.aPredivFactorTable.0
                0x00000000080056a0        0x2 ./HAL/STM32F1xx_HAL_Driver/Src/stm32f1xx_hal_rcc_ex.o
 .rodata._svfprintf_r.str1.1
                0x00000000080056a2       0x11 D:/ST/STM32CubeIDE_1.13.0/STM32CubeIDE/plugins/com.st.stm32cube.ide.mcu.externaltools.gnu-tools-for-stm32.11.3.rel1.win32_1.1.0.202305231506/tools/bin/../lib/gcc/arm-none-eabi/11.3.1/../../../../arm-none-eabi/lib/thumb/v7-m/nofp\libc_nano.a(libc_a-nano-svfprintf.o)
 .rodata._vfprintf_r.str1.1
                0x00000000080056b3       0x11 D:/ST/STM32CubeIDE_1.13.0/STM32CubeIDE/plugins/com.st.stm32cube.ide.mcu.externaltools.gnu-tools-for-stm32.11.3.rel1.win32_1.1.0.202305231506/tools/bin/../lib/gcc/arm-none-eabi/11.3.1/../../../../arm-none-eabi/lib/thumb/v7-m/nofp\libc_nano.a(libc_a-nano-vfprintf.o)
 .rodata._printf_i.str1.1
                0x00000000080056b3       0x22 D:/ST/STM32CubeIDE_1.13.0/STM32CubeIDE/plugins/com.st.stm32cube.ide.mcu.externaltools.gnu-tools-for-stm32.11.3.rel1.win32_1.1.0.202305231506/tools/bin/../lib/gcc/arm-none-eabi/11.3.1/../../../../arm-none-eabi/lib/thumb/v7-m/nofp\libc_nano.a(libc_a-nano-vfprintf_i.o)
                0x00000000080056d8                . = ALIGN (0x4)
 *fill*         0x00000000080056d5        0x3 

.rel.dyn        0x00000000080056d8        0x0
 .rel.iplt      0x00000000080056d8        0x0 D:/ST/STM32CubeIDE_1.13.0/STM32CubeIDE/plugins/com.st.stm32cube.ide.mcu.externaltools.gnu-tools-for-stm32.11.3.rel1.win32_1.1.0.202305231506/tools/bin/../lib/gcc/arm-none-eabi/11.3.1/thumb/v7-m/nofp/crtbegin.o

.ARM.extab      0x00000000080056d8        0x0
                0x00000000080056d8                . = ALIGN (0x4)
 *(.ARM.extab* .gnu.linkonce.armextab.*)
                0x00000000080056d8                . = ALIGN (0x4)

.ARM            0x00000000080056d8        0x0
                0x00000000080056d8                . = ALIGN (0x4)
                0x00000000080056d8                __exidx_start = .
 *(.ARM.exidx*)
                0x00000000080056d8                __exidx_end = .
                0x00000000080056d8                . = ALIGN (0x4)

.preinit_array  0x00000000080056d8        0x0
                0x00000000080056d8                . = ALIGN (0x4)
                0x00000000080056d8                PROVIDE (__preinit_array_start = .)
 *(.preinit_array*)
                0x00000000080056d8                PROVIDE (__preinit_array_end = .)
                0x00000000080056d8                . = ALIGN (0x4)

.init_array     0x00000000080056d8        0x4
                0x00000000080056d8                . = ALIGN (0x4)
                0x00000000080056d8                PROVIDE (__init_array_start = .)
 *(SORT_BY_NAME(.init_array.*))
 *(.init_array*)
 .init_array    0x00000000080056d8        0x4 D:/ST/STM32CubeIDE_1.13.0/STM32CubeIDE/plugins/com.st.stm32cube.ide.mcu.externaltools.gnu-tools-for-stm32.11.3.rel1.win32_1.1.0.202305231506/tools/bin/../lib/gcc/arm-none-eabi/11.3.1/thumb/v7-m/nofp/crtbegin.o
                0x00000000080056dc                PROVIDE (__init_array_end = .)
                0x00000000080056dc                . = ALIGN (0x4)

.fini_array     0x00000000080056dc        0x4
                0x00000000080056dc                . = ALIGN (0x4)
                [!provide]                        PROVIDE (__fini_array_start = .)
 *(SORT_BY_NAME(.fini_array.*))
 *(.fini_array*)
 .fini_array    0x00000000080056dc        0x4 D:/ST/STM32CubeIDE_1.13.0/STM32CubeIDE/plugins/com.st.stm32cube.ide.mcu.externaltools.gnu-tools-for-stm32.11.3.rel1.win32_1.1.0.202305231506/tools/bin/../lib/gcc/arm-none-eabi/11.3.1/thumb/v7-m/nofp/crtbegin.o
                [!provide]                        PROVIDE (__fini_array_end = .)
                0x00000000080056e0                . = ALIGN (0x4)
                0x00000000080056e0                _sidata = LOADADDR (.data)

.data           0x0000000020000000       0x68 load address 0x00000000080056e0
                0x0000000020000000                . = ALIGN (0x4)
                0x0000000020000000                _sdata = .
 *(.data)
 *(.data*)
 .data.SystemCoreClock
                0x0000000020000000        0x4 ./Core/Src/system_stm32f1xx.o
                0x0000000020000000                SystemCoreClock
 .data.uwTickPrio
                0x0000000020000004        0x4 ./HAL/STM32F1xx_HAL_Driver/Src/stm32f1xx_hal.o
                0x0000000020000004                uwTickPrio
 .data.uwTickFreq
                0x0000000020000008        0x1 ./HAL/STM32F1xx_HAL_Driver/Src/stm32f1xx_hal.o
                0x0000000020000008                uwTickFreq
 *fill*         0x0000000020000009        0x3 
 .data.__sglue  0x000000002000000c        0xc D:/ST/STM32CubeIDE_1.13.0/STM32CubeIDE/plugins/com.st.stm32cube.ide.mcu.externaltools.gnu-tools-for-stm32.11.3.rel1.win32_1.1.0.202305231506/tools/bin/../lib/gcc/arm-none-eabi/11.3.1/../../../../arm-none-eabi/lib/thumb/v7-m/nofp\libc_nano.a(libc_a-findfp.o)
                0x000000002000000c                __sglue
 .data._impure_data
                0x0000000020000018       0x4c D:/ST/STM32CubeIDE_1.13.0/STM32CubeIDE/plugins/com.st.stm32cube.ide.mcu.externaltools.gnu-tools-for-stm32.11.3.rel1.win32_1.1.0.202305231506/tools/bin/../lib/gcc/arm-none-eabi/11.3.1/../../../../arm-none-eabi/lib/thumb/v7-m/nofp\libc_nano.a(libc_a-impure.o)
                0x0000000020000018                _impure_data
 .data._impure_ptr
                0x0000000020000064        0x4 D:/ST/STM32CubeIDE_1.13.0/STM32CubeIDE/plugins/com.st.stm32cube.ide.mcu.externaltools.gnu-tools-for-stm32.11.3.rel1.win32_1.1.0.202305231506/tools/bin/../lib/gcc/arm-none-eabi/11.3.1/../../../../arm-none-eabi/lib/thumb/v7-m/nofp\libc_nano.a(libc_a-impure.o)
                0x0000000020000064                _impure_ptr
 *(.RamFunc)
 *(.RamFunc*)
                0x0000000020000068                . = ALIGN (0x4)
                0x0000000020000068                _edata = .

.igot.plt       0x0000000020000068        0x0 load address 0x0000000008005748
 .igot.plt      0x0000000020000068        0x0 D:/ST/STM32CubeIDE_1.13.0/STM32CubeIDE/plugins/com.st.stm32cube.ide.mcu.externaltools.gnu-tools-for-stm32.11.3.rel1.win32_1.1.0.202305231506/tools/bin/../lib/gcc/arm-none-eabi/11.3.1/thumb/v7-m/nofp/crtbegin.o
                0x0000000020000068                . = ALIGN (0x4)

.bss            0x0000000020000068      0x214 load address 0x0000000008005748
                0x0000000020000068                _sbss = .
                0x0000000020000068                __bss_start__ = _sbss
 *(.bss)
 .bss           0x0000000020000068       0x1c D:/ST/STM32CubeIDE_1.13.0/STM32CubeIDE/plugins/com.st.stm32cube.ide.mcu.externaltools.gnu-tools-for-stm32.11.3.rel1.win32_1.1.0.202305231506/tools/bin/../lib/gcc/arm-none-eabi/11.3.1/thumb/v7-m/nofp/crtbegin.o
 *(.bss*)
 .bss.uid       0x0000000020000084        0x4 ./Core/Src/main.o
                0x0000000020000084                uid
 .bss.resultArray1
                0x0000000020000088        0x4 ./Core/Src/main.o
                0x0000000020000088                resultArray1
 .bss.uidMasterArray
                0x000000002000008c        0x4 ./Core/Src/main.o
                0x000000002000008c                uidMasterArray
 .bss.count_spam
                0x0000000020000090        0x1 ./Core/Src/main.o
                0x0000000020000090                count_spam
 .bss.dem       0x0000000020000091        0x1 ./Core/Src/main.o
                0x0000000020000091                dem
 .bss.num_uids  0x0000000020000092        0x1 ./Core/Src/main.o
                0x0000000020000092                num_uids
 .bss.DownInterrupt
                0x0000000020000093        0x1 ./Core/Src/main.o
                0x0000000020000093                DownInterrupt
 .bss.EnterInterupt
                0x0000000020000094        0x1 ./Core/Src/main.o
                0x0000000020000094                EnterInterupt
 .bss.master_setup
                0x0000000020000095        0x1 ./Core/Src/main.o
                0x0000000020000095                master_setup
 .bss.menu1_status
                0x0000000020000096        0x1 ./Core/Src/main.o
                0x0000000020000096                menu1_status
 .bss.menu2_status
                0x0000000020000097        0x1 ./Core/Src/main.o
                0x0000000020000097                menu2_status
 .bss.uwTick    0x0000000020000098        0x4 ./HAL/STM32F1xx_HAL_Driver/Src/stm32f1xx_hal.o
                0x0000000020000098                uwTick
 *fill*         0x000000002000009c        0x4 
 .bss.pFlash    0x00000000200000a0       0x20 ./HAL/STM32F1xx_HAL_Driver/Src/stm32f1xx_hal_flash.o
                0x00000000200000a0                pFlash
 .bss.hRTC_Handle
                0x00000000200000c0       0x14 ./HAL/STM32F1xx_HAL_Driver/Src/stm32f1xx_hal_timebase_rtc_alarm_template.o
                0x00000000200000c0                hRTC_Handle
 .bss.hspi1     0x00000000200000d4       0x58 ./Peripherals/Src/spi.o
                0x00000000200000d4                hspi1
 .bss.__sf      0x000000002000012c      0x138 D:/ST/STM32CubeIDE_1.13.0/STM32CubeIDE/plugins/com.st.stm32cube.ide.mcu.externaltools.gnu-tools-for-stm32.11.3.rel1.win32_1.1.0.202305231506/tools/bin/../lib/gcc/arm-none-eabi/11.3.1/../../../../arm-none-eabi/lib/thumb/v7-m/nofp\libc_nano.a(libc_a-findfp.o)
                0x000000002000012c                __sf
 .bss.__stdio_exit_handler
                0x0000000020000264        0x4 D:/ST/STM32CubeIDE_1.13.0/STM32CubeIDE/plugins/com.st.stm32cube.ide.mcu.externaltools.gnu-tools-for-stm32.11.3.rel1.win32_1.1.0.202305231506/tools/bin/../lib/gcc/arm-none-eabi/11.3.1/../../../../arm-none-eabi/lib/thumb/v7-m/nofp\libc_nano.a(libc_a-findfp.o)
                0x0000000020000264                __stdio_exit_handler
 .bss.errno     0x0000000020000268        0x4 D:/ST/STM32CubeIDE_1.13.0/STM32CubeIDE/plugins/com.st.stm32cube.ide.mcu.externaltools.gnu-tools-for-stm32.11.3.rel1.win32_1.1.0.202305231506/tools/bin/../lib/gcc/arm-none-eabi/11.3.1/../../../../arm-none-eabi/lib/thumb/v7-m/nofp\libc_nano.a(libc_a-reent.o)
                0x0000000020000268                errno
 .bss.__lock___malloc_recursive_mutex
                0x000000002000026c        0x1 D:/ST/STM32CubeIDE_1.13.0/STM32CubeIDE/plugins/com.st.stm32cube.ide.mcu.externaltools.gnu-tools-for-stm32.11.3.rel1.win32_1.1.0.202305231506/tools/bin/../lib/gcc/arm-none-eabi/11.3.1/../../../../arm-none-eabi/lib/thumb/v7-m/nofp\libc_nano.a(libc_a-lock.o)
                0x000000002000026c                __lock___malloc_recursive_mutex
 .bss.__lock___sfp_recursive_mutex
                0x000000002000026d        0x1 D:/ST/STM32CubeIDE_1.13.0/STM32CubeIDE/plugins/com.st.stm32cube.ide.mcu.externaltools.gnu-tools-for-stm32.11.3.rel1.win32_1.1.0.202305231506/tools/bin/../lib/gcc/arm-none-eabi/11.3.1/../../../../arm-none-eabi/lib/thumb/v7-m/nofp\libc_nano.a(libc_a-lock.o)
                0x000000002000026d                __lock___sfp_recursive_mutex
 *fill*         0x000000002000026e        0x2 
 .bss.__malloc_free_list
                0x0000000020000270        0x4 D:/ST/STM32CubeIDE_1.13.0/STM32CubeIDE/plugins/com.st.stm32cube.ide.mcu.externaltools.gnu-tools-for-stm32.11.3.rel1.win32_1.1.0.202305231506/tools/bin/../lib/gcc/arm-none-eabi/11.3.1/../../../../arm-none-eabi/lib/thumb/v7-m/nofp\libc_nano.a(libc_a-mallocr.o)
                0x0000000020000270                __malloc_free_list
 .bss.__malloc_sbrk_start
                0x0000000020000274        0x4 D:/ST/STM32CubeIDE_1.13.0/STM32CubeIDE/plugins/com.st.stm32cube.ide.mcu.externaltools.gnu-tools-for-stm32.11.3.rel1.win32_1.1.0.202305231506/tools/bin/../lib/gcc/arm-none-eabi/11.3.1/../../../../arm-none-eabi/lib/thumb/v7-m/nofp\libc_nano.a(libc_a-mallocr.o)
                0x0000000020000274                __malloc_sbrk_start
 .bss.heap_end.0
                0x0000000020000278        0x4 D:/ST/STM32CubeIDE_1.13.0/STM32CubeIDE/plugins/com.st.stm32cube.ide.mcu.externaltools.gnu-tools-for-stm32.11.3.rel1.win32_1.1.0.202305231506/tools/bin/../lib/gcc/arm-none-eabi/11.3.1/../../../../arm-none-eabi/lib/thumb/v7-m/nofp\libnosys.a(sbrk.o)
 *(COMMON)
                0x000000002000027c                . = ALIGN (0x4)
                0x000000002000027c                _ebss = .
                0x000000002000027c                __bss_end__ = _ebss

._user_heap_stack
                0x000000002000027c      0x604 load address 0x0000000008005748
                0x0000000020000280                . = ALIGN (0x8)
 *fill*         0x000000002000027c        0x4 
                0x0000000020000280                PROVIDE (end = .)
                [!provide]                        PROVIDE (_end = .)
                0x0000000020000480                . = (. + _Min_Heap_Size)
 *fill*         0x0000000020000280      0x200 
                0x0000000020000880                . = (. + _Min_Stack_Size)
 *fill*         0x0000000020000480      0x400 
                0x0000000020000880                . = ALIGN (0x8)

/DISCARD/
 libc.a(*)
 libm.a(*)
 libgcc.a(*)

.ARM.attributes
                0x0000000000000000       0x29
 *(.ARM.attributes)
 .ARM.attributes
                0x0000000000000000       0x1d D:/ST/STM32CubeIDE_1.13.0/STM32CubeIDE/plugins/com.st.stm32cube.ide.mcu.externaltools.gnu-tools-for-stm32.11.3.rel1.win32_1.1.0.202305231506/tools/bin/../lib/gcc/arm-none-eabi/11.3.1/thumb/v7-m/nofp/crti.o
 .ARM.attributes
                0x000000000000001d       0x2d D:/ST/STM32CubeIDE_1.13.0/STM32CubeIDE/plugins/com.st.stm32cube.ide.mcu.externaltools.gnu-tools-for-stm32.11.3.rel1.win32_1.1.0.202305231506/tools/bin/../lib/gcc/arm-none-eabi/11.3.1/thumb/v7-m/nofp/crtbegin.o
 .ARM.attributes
                0x000000000000004a       0x2d ./Core/Src/main.o
 .ARM.attributes
                0x0000000000000077       0x2d ./Core/Src/stm32f1xx_it.o
 .ARM.attributes
                0x00000000000000a4       0x2d ./Core/Src/system_stm32f1xx.o
 .ARM.attributes
                0x00000000000000d1       0x2d ./HAL/STM32F1xx_HAL_Driver/Src/stm32f1xx_hal.o
 .ARM.attributes
                0x00000000000000fe       0x2d ./HAL/STM32F1xx_HAL_Driver/Src/stm32f1xx_hal_cortex.o
 .ARM.attributes
                0x000000000000012b       0x2d ./HAL/STM32F1xx_HAL_Driver/Src/stm32f1xx_hal_flash.o
 .ARM.attributes
                0x0000000000000158       0x2d ./HAL/STM32F1xx_HAL_Driver/Src/stm32f1xx_hal_flash_ex.o
 .ARM.attributes
                0x0000000000000185       0x2d ./HAL/STM32F1xx_HAL_Driver/Src/stm32f1xx_hal_gpio.o
 .ARM.attributes
                0x00000000000001b2       0x2d ./HAL/STM32F1xx_HAL_Driver/Src/stm32f1xx_hal_msp_template.o
 .ARM.attributes
                0x00000000000001df       0x2d ./HAL/STM32F1xx_HAL_Driver/Src/stm32f1xx_hal_rcc.o
 .ARM.attributes
                0x000000000000020c       0x2d ./HAL/STM32F1xx_HAL_Driver/Src/stm32f1xx_hal_rcc_ex.o
 .ARM.attributes
                0x0000000000000239       0x2d ./HAL/STM32F1xx_HAL_Driver/Src/stm32f1xx_hal_rtc.o
 .ARM.attributes
                0x0000000000000266       0x2d ./HAL/STM32F1xx_HAL_Driver/Src/stm32f1xx_hal_spi.o
 .ARM.attributes
                0x0000000000000293       0x2d ./HAL/STM32F1xx_HAL_Driver/Src/stm32f1xx_hal_timebase_rtc_alarm_template.o
 .ARM.attributes
                0x00000000000002c0       0x2d ./Peripherals/Src/exti.o
 .ARM.attributes
                0x00000000000002ed       0x2d ./Peripherals/Src/flash.o
 .ARM.attributes
                0x000000000000031a       0x2d ./Peripherals/Src/gpio.o
 .ARM.attributes
                0x0000000000000347       0x2d ./Peripherals/Src/lcd_4bit.o
 .ARM.attributes
                0x0000000000000374       0x2d ./Peripherals/Src/rc522.o
 .ARM.attributes
                0x00000000000003a1       0x2d ./Peripherals/Src/rcc.o
 .ARM.attributes
                0x00000000000003ce       0x2d ./Peripherals/Src/spi.o
 .ARM.attributes
                0x00000000000003fb       0x21 ./Startup/startup_stm32f103xb.o
 .ARM.attributes
                0x000000000000041c       0x2d D:/ST/STM32CubeIDE_1.13.0/STM32CubeIDE/plugins/com.st.stm32cube.ide.mcu.externaltools.gnu-tools-for-stm32.11.3.rel1.win32_1.1.0.202305231506/tools/bin/../lib/gcc/arm-none-eabi/11.3.1/../../../../arm-none-eabi/lib/thumb/v7-m/nofp\libc_nano.a(libc_a-findfp.o)
 .ARM.attributes
                0x0000000000000449       0x2d D:/ST/STM32CubeIDE_1.13.0/STM32CubeIDE/plugins/com.st.stm32cube.ide.mcu.externaltools.gnu-tools-for-stm32.11.3.rel1.win32_1.1.0.202305231506/tools/bin/../lib/gcc/arm-none-eabi/11.3.1/../../../../arm-none-eabi/lib/thumb/v7-m/nofp\libc_nano.a(libc_a-fwalk.o)
 .ARM.attributes
                0x0000000000000476       0x2d D:/ST/STM32CubeIDE_1.13.0/STM32CubeIDE/plugins/com.st.stm32cube.ide.mcu.externaltools.gnu-tools-for-stm32.11.3.rel1.win32_1.1.0.202305231506/tools/bin/../lib/gcc/arm-none-eabi/11.3.1/../../../../arm-none-eabi/lib/thumb/v7-m/nofp\libc_nano.a(libc_a-printf.o)
 .ARM.attributes
                0x00000000000004a3       0x2d D:/ST/STM32CubeIDE_1.13.0/STM32CubeIDE/plugins/com.st.stm32cube.ide.mcu.externaltools.gnu-tools-for-stm32.11.3.rel1.win32_1.1.0.202305231506/tools/bin/../lib/gcc/arm-none-eabi/11.3.1/../../../../arm-none-eabi/lib/thumb/v7-m/nofp\libc_nano.a(libc_a-puts.o)
 .ARM.attributes
                0x00000000000004d0       0x2d D:/ST/STM32CubeIDE_1.13.0/STM32CubeIDE/plugins/com.st.stm32cube.ide.mcu.externaltools.gnu-tools-for-stm32.11.3.rel1.win32_1.1.0.202305231506/tools/bin/../lib/gcc/arm-none-eabi/11.3.1/../../../../arm-none-eabi/lib/thumb/v7-m/nofp\libc_nano.a(libc_a-sprintf.o)
 .ARM.attributes
                0x00000000000004fd       0x2d D:/ST/STM32CubeIDE_1.13.0/STM32CubeIDE/plugins/com.st.stm32cube.ide.mcu.externaltools.gnu-tools-for-stm32.11.3.rel1.win32_1.1.0.202305231506/tools/bin/../lib/gcc/arm-none-eabi/11.3.1/../../../../arm-none-eabi/lib/thumb/v7-m/nofp\libc_nano.a(libc_a-stdio.o)
 .ARM.attributes
                0x000000000000052a       0x2d D:/ST/STM32CubeIDE_1.13.0/STM32CubeIDE/plugins/com.st.stm32cube.ide.mcu.externaltools.gnu-tools-for-stm32.11.3.rel1.win32_1.1.0.202305231506/tools/bin/../lib/gcc/arm-none-eabi/11.3.1/../../../../arm-none-eabi/lib/thumb/v7-m/nofp\libc_nano.a(libc_a-wbuf.o)
 .ARM.attributes
                0x0000000000000557       0x2d D:/ST/STM32CubeIDE_1.13.0/STM32CubeIDE/plugins/com.st.stm32cube.ide.mcu.externaltools.gnu-tools-for-stm32.11.3.rel1.win32_1.1.0.202305231506/tools/bin/../lib/gcc/arm-none-eabi/11.3.1/../../../../arm-none-eabi/lib/thumb/v7-m/nofp\libc_nano.a(libc_a-wsetup.o)
 .ARM.attributes
                0x0000000000000584       0x2d D:/ST/STM32CubeIDE_1.13.0/STM32CubeIDE/plugins/com.st.stm32cube.ide.mcu.externaltools.gnu-tools-for-stm32.11.3.rel1.win32_1.1.0.202305231506/tools/bin/../lib/gcc/arm-none-eabi/11.3.1/../../../../arm-none-eabi/lib/thumb/v7-m/nofp\libc_nano.a(libc_a-memcmp.o)
 .ARM.attributes
                0x00000000000005b1       0x2d D:/ST/STM32CubeIDE_1.13.0/STM32CubeIDE/plugins/com.st.stm32cube.ide.mcu.externaltools.gnu-tools-for-stm32.11.3.rel1.win32_1.1.0.202305231506/tools/bin/../lib/gcc/arm-none-eabi/11.3.1/../../../../arm-none-eabi/lib/thumb/v7-m/nofp\libc_nano.a(libc_a-memset.o)
 .ARM.attributes
                0x00000000000005de       0x2d D:/ST/STM32CubeIDE_1.13.0/STM32CubeIDE/plugins/com.st.stm32cube.ide.mcu.externaltools.gnu-tools-for-stm32.11.3.rel1.win32_1.1.0.202305231506/tools/bin/../lib/gcc/arm-none-eabi/11.3.1/../../../../arm-none-eabi/lib/thumb/v7-m/nofp\libc_nano.a(libc_a-closer.o)
 .ARM.attributes
                0x000000000000060b       0x2d D:/ST/STM32CubeIDE_1.13.0/STM32CubeIDE/plugins/com.st.stm32cube.ide.mcu.externaltools.gnu-tools-for-stm32.11.3.rel1.win32_1.1.0.202305231506/tools/bin/../lib/gcc/arm-none-eabi/11.3.1/../../../../arm-none-eabi/lib/thumb/v7-m/nofp\libc_nano.a(libc_a-reent.o)
 .ARM.attributes
                0x0000000000000638       0x2d D:/ST/STM32CubeIDE_1.13.0/STM32CubeIDE/plugins/com.st.stm32cube.ide.mcu.externaltools.gnu-tools-for-stm32.11.3.rel1.win32_1.1.0.202305231506/tools/bin/../lib/gcc/arm-none-eabi/11.3.1/../../../../arm-none-eabi/lib/thumb/v7-m/nofp\libc_nano.a(libc_a-impure.o)
 .ARM.attributes
                0x0000000000000665       0x2d D:/ST/STM32CubeIDE_1.13.0/STM32CubeIDE/plugins/com.st.stm32cube.ide.mcu.externaltools.gnu-tools-for-stm32.11.3.rel1.win32_1.1.0.202305231506/tools/bin/../lib/gcc/arm-none-eabi/11.3.1/../../../../arm-none-eabi/lib/thumb/v7-m/nofp\libc_nano.a(libc_a-lseekr.o)
 .ARM.attributes
                0x0000000000000692       0x2d D:/ST/STM32CubeIDE_1.13.0/STM32CubeIDE/plugins/com.st.stm32cube.ide.mcu.externaltools.gnu-tools-for-stm32.11.3.rel1.win32_1.1.0.202305231506/tools/bin/../lib/gcc/arm-none-eabi/11.3.1/../../../../arm-none-eabi/lib/thumb/v7-m/nofp\libc_nano.a(libc_a-readr.o)
 .ARM.attributes
                0x00000000000006bf       0x2d D:/ST/STM32CubeIDE_1.13.0/STM32CubeIDE/plugins/com.st.stm32cube.ide.mcu.externaltools.gnu-tools-for-stm32.11.3.rel1.win32_1.1.0.202305231506/tools/bin/../lib/gcc/arm-none-eabi/11.3.1/../../../../arm-none-eabi/lib/thumb/v7-m/nofp\libc_nano.a(libc_a-writer.o)
 .ARM.attributes
                0x00000000000006ec       0x2d D:/ST/STM32CubeIDE_1.13.0/STM32CubeIDE/plugins/com.st.stm32cube.ide.mcu.externaltools.gnu-tools-for-stm32.11.3.rel1.win32_1.1.0.202305231506/tools/bin/../lib/gcc/arm-none-eabi/11.3.1/../../../../arm-none-eabi/lib/thumb/v7-m/nofp\libc_nano.a(libc_a-init.o)
 .ARM.attributes
                0x0000000000000719       0x2d D:/ST/STM32CubeIDE_1.13.0/STM32CubeIDE/plugins/com.st.stm32cube.ide.mcu.externaltools.gnu-tools-for-stm32.11.3.rel1.win32_1.1.0.202305231506/tools/bin/../lib/gcc/arm-none-eabi/11.3.1/../../../../arm-none-eabi/lib/thumb/v7-m/nofp\libc_nano.a(libc_a-lock.o)
 .ARM.attributes
                0x0000000000000746       0x2d D:/ST/STM32CubeIDE_1.13.0/STM32CubeIDE/plugins/com.st.stm32cube.ide.mcu.externaltools.gnu-tools-for-stm32.11.3.rel1.win32_1.1.0.202305231506/tools/bin/../lib/gcc/arm-none-eabi/11.3.1/../../../../arm-none-eabi/lib/thumb/v7-m/nofp\libc_nano.a(libc_a-freer.o)
 .ARM.attributes
                0x0000000000000773       0x2d D:/ST/STM32CubeIDE_1.13.0/STM32CubeIDE/plugins/com.st.stm32cube.ide.mcu.externaltools.gnu-tools-for-stm32.11.3.rel1.win32_1.1.0.202305231506/tools/bin/../lib/gcc/arm-none-eabi/11.3.1/../../../../arm-none-eabi/lib/thumb/v7-m/nofp\libc_nano.a(libc_a-mallocr.o)
 .ARM.attributes
                0x00000000000007a0       0x2d D:/ST/STM32CubeIDE_1.13.0/STM32CubeIDE/plugins/com.st.stm32cube.ide.mcu.externaltools.gnu-tools-for-stm32.11.3.rel1.win32_1.1.0.202305231506/tools/bin/../lib/gcc/arm-none-eabi/11.3.1/../../../../arm-none-eabi/lib/thumb/v7-m/nofp\libc_nano.a(libc_a-mlock.o)
 .ARM.attributes
                0x00000000000007cd       0x2d D:/ST/STM32CubeIDE_1.13.0/STM32CubeIDE/plugins/com.st.stm32cube.ide.mcu.externaltools.gnu-tools-for-stm32.11.3.rel1.win32_1.1.0.202305231506/tools/bin/../lib/gcc/arm-none-eabi/11.3.1/../../../../arm-none-eabi/lib/thumb/v7-m/nofp\libc_nano.a(libc_a-nano-svfprintf.o)
 .ARM.attributes
                0x00000000000007fa       0x2d D:/ST/STM32CubeIDE_1.13.0/STM32CubeIDE/plugins/com.st.stm32cube.ide.mcu.externaltools.gnu-tools-for-stm32.11.3.rel1.win32_1.1.0.202305231506/tools/bin/../lib/gcc/arm-none-eabi/11.3.1/../../../../arm-none-eabi/lib/thumb/v7-m/nofp\libc_nano.a(libc_a-nano-vfprintf.o)
 .ARM.attributes
                0x0000000000000827       0x2d D:/ST/STM32CubeIDE_1.13.0/STM32CubeIDE/plugins/com.st.stm32cube.ide.mcu.externaltools.gnu-tools-for-stm32.11.3.rel1.win32_1.1.0.202305231506/tools/bin/../lib/gcc/arm-none-eabi/11.3.1/../../../../arm-none-eabi/lib/thumb/v7-m/nofp\libc_nano.a(libc_a-nano-vfprintf_i.o)
 .ARM.attributes
                0x0000000000000854       0x2d D:/ST/STM32CubeIDE_1.13.0/STM32CubeIDE/plugins/com.st.stm32cube.ide.mcu.externaltools.gnu-tools-for-stm32.11.3.rel1.win32_1.1.0.202305231506/tools/bin/../lib/gcc/arm-none-eabi/11.3.1/../../../../arm-none-eabi/lib/thumb/v7-m/nofp\libc_nano.a(libc_a-fflush.o)
 .ARM.attributes
                0x0000000000000881       0x2d D:/ST/STM32CubeIDE_1.13.0/STM32CubeIDE/plugins/com.st.stm32cube.ide.mcu.externaltools.gnu-tools-for-stm32.11.3.rel1.win32_1.1.0.202305231506/tools/bin/../lib/gcc/arm-none-eabi/11.3.1/../../../../arm-none-eabi/lib/thumb/v7-m/nofp\libc_nano.a(libc_a-makebuf.o)
 .ARM.attributes
                0x00000000000008ae       0x2d D:/ST/STM32CubeIDE_1.13.0/STM32CubeIDE/plugins/com.st.stm32cube.ide.mcu.externaltools.gnu-tools-for-stm32.11.3.rel1.win32_1.1.0.202305231506/tools/bin/../lib/gcc/arm-none-eabi/11.3.1/../../../../arm-none-eabi/lib/thumb/v7-m/nofp\libc_nano.a(libc_a-memmove.o)
 .ARM.attributes
                0x00000000000008db       0x2d D:/ST/STM32CubeIDE_1.13.0/STM32CubeIDE/plugins/com.st.stm32cube.ide.mcu.externaltools.gnu-tools-for-stm32.11.3.rel1.win32_1.1.0.202305231506/tools/bin/../lib/gcc/arm-none-eabi/11.3.1/../../../../arm-none-eabi/lib/thumb/v7-m/nofp\libc_nano.a(libc_a-fstatr.o)
 .ARM.attributes
                0x0000000000000908       0x2d D:/ST/STM32CubeIDE_1.13.0/STM32CubeIDE/plugins/com.st.stm32cube.ide.mcu.externaltools.gnu-tools-for-stm32.11.3.rel1.win32_1.1.0.202305231506/tools/bin/../lib/gcc/arm-none-eabi/11.3.1/../../../../arm-none-eabi/lib/thumb/v7-m/nofp\libc_nano.a(libc_a-isattyr.o)
 .ARM.attributes
                0x0000000000000935       0x2d D:/ST/STM32CubeIDE_1.13.0/STM32CubeIDE/plugins/com.st.stm32cube.ide.mcu.externaltools.gnu-tools-for-stm32.11.3.rel1.win32_1.1.0.202305231506/tools/bin/../lib/gcc/arm-none-eabi/11.3.1/../../../../arm-none-eabi/lib/thumb/v7-m/nofp\libc_nano.a(libc_a-sbrkr.o)
 .ARM.attributes
                0x0000000000000962       0x2d D:/ST/STM32CubeIDE_1.13.0/STM32CubeIDE/plugins/com.st.stm32cube.ide.mcu.externaltools.gnu-tools-for-stm32.11.3.rel1.win32_1.1.0.202305231506/tools/bin/../lib/gcc/arm-none-eabi/11.3.1/../../../../arm-none-eabi/lib/thumb/v7-m/nofp\libc_nano.a(libc_a-memchr-stub.o)
 .ARM.attributes
                0x000000000000098f       0x2d D:/ST/STM32CubeIDE_1.13.0/STM32CubeIDE/plugins/com.st.stm32cube.ide.mcu.externaltools.gnu-tools-for-stm32.11.3.rel1.win32_1.1.0.202305231506/tools/bin/../lib/gcc/arm-none-eabi/11.3.1/../../../../arm-none-eabi/lib/thumb/v7-m/nofp\libc_nano.a(libc_a-memcpy-stub.o)
 .ARM.attributes
                0x00000000000009bc       0x2d D:/ST/STM32CubeIDE_1.13.0/STM32CubeIDE/plugins/com.st.stm32cube.ide.mcu.externaltools.gnu-tools-for-stm32.11.3.rel1.win32_1.1.0.202305231506/tools/bin/../lib/gcc/arm-none-eabi/11.3.1/../../../../arm-none-eabi/lib/thumb/v7-m/nofp\libc_nano.a(libc_a-reallocr.o)
 .ARM.attributes
                0x00000000000009e9       0x2d D:/ST/STM32CubeIDE_1.13.0/STM32CubeIDE/plugins/com.st.stm32cube.ide.mcu.externaltools.gnu-tools-for-stm32.11.3.rel1.win32_1.1.0.202305231506/tools/bin/../lib/gcc/arm-none-eabi/11.3.1/../../../../arm-none-eabi/lib/thumb/v7-m/nofp\libc_nano.a(libc_a-msizer.o)
 .ARM.attributes
                0x0000000000000a16       0x2d D:/ST/STM32CubeIDE_1.13.0/STM32CubeIDE/plugins/com.st.stm32cube.ide.mcu.externaltools.gnu-tools-for-stm32.11.3.rel1.win32_1.1.0.202305231506/tools/bin/../lib/gcc/arm-none-eabi/11.3.1/../../../../arm-none-eabi/lib/thumb/v7-m/nofp\libnosys.a(close.o)
 .ARM.attributes
                0x0000000000000a43       0x2d D:/ST/STM32CubeIDE_1.13.0/STM32CubeIDE/plugins/com.st.stm32cube.ide.mcu.externaltools.gnu-tools-for-stm32.11.3.rel1.win32_1.1.0.202305231506/tools/bin/../lib/gcc/arm-none-eabi/11.3.1/../../../../arm-none-eabi/lib/thumb/v7-m/nofp\libnosys.a(fstat.o)
 .ARM.attributes
                0x0000000000000a70       0x2d D:/ST/STM32CubeIDE_1.13.0/STM32CubeIDE/plugins/com.st.stm32cube.ide.mcu.externaltools.gnu-tools-for-stm32.11.3.rel1.win32_1.1.0.202305231506/tools/bin/../lib/gcc/arm-none-eabi/11.3.1/../../../../arm-none-eabi/lib/thumb/v7-m/nofp\libnosys.a(isatty.o)
 .ARM.attributes
                0x0000000000000a9d       0x2d D:/ST/STM32CubeIDE_1.13.0/STM32CubeIDE/plugins/com.st.stm32cube.ide.mcu.externaltools.gnu-tools-for-stm32.11.3.rel1.win32_1.1.0.202305231506/tools/bin/../lib/gcc/arm-none-eabi/11.3.1/../../../../arm-none-eabi/lib/thumb/v7-m/nofp\libnosys.a(lseek.o)
 .ARM.attributes
                0x0000000000000aca       0x2d D:/ST/STM32CubeIDE_1.13.0/STM32CubeIDE/plugins/com.st.stm32cube.ide.mcu.externaltools.gnu-tools-for-stm32.11.3.rel1.win32_1.1.0.202305231506/tools/bin/../lib/gcc/arm-none-eabi/11.3.1/../../../../arm-none-eabi/lib/thumb/v7-m/nofp\libnosys.a(read.o)
 .ARM.attributes
                0x0000000000000af7       0x2d D:/ST/STM32CubeIDE_1.13.0/STM32CubeIDE/plugins/com.st.stm32cube.ide.mcu.externaltools.gnu-tools-for-stm32.11.3.rel1.win32_1.1.0.202305231506/tools/bin/../lib/gcc/arm-none-eabi/11.3.1/../../../../arm-none-eabi/lib/thumb/v7-m/nofp\libnosys.a(sbrk.o)
 .ARM.attributes
                0x0000000000000b24       0x2d D:/ST/STM32CubeIDE_1.13.0/STM32CubeIDE/plugins/com.st.stm32cube.ide.mcu.externaltools.gnu-tools-for-stm32.11.3.rel1.win32_1.1.0.202305231506/tools/bin/../lib/gcc/arm-none-eabi/11.3.1/../../../../arm-none-eabi/lib/thumb/v7-m/nofp\libnosys.a(write.o)
 .ARM.attributes
                0x0000000000000b51       0x1d D:/ST/STM32CubeIDE_1.13.0/STM32CubeIDE/plugins/com.st.stm32cube.ide.mcu.externaltools.gnu-tools-for-stm32.11.3.rel1.win32_1.1.0.202305231506/tools/bin/../lib/gcc/arm-none-eabi/11.3.1/thumb/v7-m/nofp/crtn.o
OUTPUT(HAL_introduction.elf elf32-littlearm)
LOAD linker stubs
LOAD D:/ST/STM32CubeIDE_1.13.0/STM32CubeIDE/plugins/com.st.stm32cube.ide.mcu.externaltools.gnu-tools-for-stm32.11.3.rel1.win32_1.1.0.202305231506/tools/bin/../lib/gcc/arm-none-eabi/11.3.1/../../../../arm-none-eabi/lib/thumb/v7-m/nofp\libc.a
LOAD D:/ST/STM32CubeIDE_1.13.0/STM32CubeIDE/plugins/com.st.stm32cube.ide.mcu.externaltools.gnu-tools-for-stm32.11.3.rel1.win32_1.1.0.202305231506/tools/bin/../lib/gcc/arm-none-eabi/11.3.1/../../../../arm-none-eabi/lib/thumb/v7-m/nofp\libm.a
LOAD D:/ST/STM32CubeIDE_1.13.0/STM32CubeIDE/plugins/com.st.stm32cube.ide.mcu.externaltools.gnu-tools-for-stm32.11.3.rel1.win32_1.1.0.202305231506/tools/bin/../lib/gcc/arm-none-eabi/11.3.1/thumb/v7-m/nofp\libgcc.a

.comment        0x0000000000000000       0x43
 .comment       0x0000000000000000       0x43 D:/ST/STM32CubeIDE_1.13.0/STM32CubeIDE/plugins/com.st.stm32cube.ide.mcu.externaltools.gnu-tools-for-stm32.11.3.rel1.win32_1.1.0.202305231506/tools/bin/../lib/gcc/arm-none-eabi/11.3.1/thumb/v7-m/nofp/crtbegin.o
                                         0x44 (size before relaxing)
 .comment       0x0000000000000043       0x44 ./Core/Src/main.o
 .comment       0x0000000000000043       0x44 ./Core/Src/stm32f1xx_it.o
 .comment       0x0000000000000043       0x44 ./Core/Src/system_stm32f1xx.o
 .comment       0x0000000000000043       0x44 ./HAL/STM32F1xx_HAL_Driver/Src/stm32f1xx_hal.o
 .comment       0x0000000000000043       0x44 ./HAL/STM32F1xx_HAL_Driver/Src/stm32f1xx_hal_cortex.o
 .comment       0x0000000000000043       0x44 ./HAL/STM32F1xx_HAL_Driver/Src/stm32f1xx_hal_flash.o
 .comment       0x0000000000000043       0x44 ./HAL/STM32F1xx_HAL_Driver/Src/stm32f1xx_hal_flash_ex.o
 .comment       0x0000000000000043       0x44 ./HAL/STM32F1xx_HAL_Driver/Src/stm32f1xx_hal_gpio.o
 .comment       0x0000000000000043       0x44 ./HAL/STM32F1xx_HAL_Driver/Src/stm32f1xx_hal_msp_template.o
 .comment       0x0000000000000043       0x44 ./HAL/STM32F1xx_HAL_Driver/Src/stm32f1xx_hal_rcc.o
 .comment       0x0000000000000043       0x44 ./HAL/STM32F1xx_HAL_Driver/Src/stm32f1xx_hal_rcc_ex.o
 .comment       0x0000000000000043       0x44 ./HAL/STM32F1xx_HAL_Driver/Src/stm32f1xx_hal_rtc.o
 .comment       0x0000000000000043       0x44 ./HAL/STM32F1xx_HAL_Driver/Src/stm32f1xx_hal_spi.o
 .comment       0x0000000000000043       0x44 ./HAL/STM32F1xx_HAL_Driver/Src/stm32f1xx_hal_timebase_rtc_alarm_template.o
 .comment       0x0000000000000043       0x44 ./Peripherals/Src/exti.o
 .comment       0x0000000000000043       0x44 ./Peripherals/Src/flash.o
 .comment       0x0000000000000043       0x44 ./Peripherals/Src/gpio.o
 .comment       0x0000000000000043       0x44 ./Peripherals/Src/lcd_4bit.o
 .comment       0x0000000000000043       0x44 ./Peripherals/Src/rc522.o
 .comment       0x0000000000000043       0x44 ./Peripherals/Src/rcc.o
 .comment       0x0000000000000043       0x44 ./Peripherals/Src/spi.o

.debug_info     0x0000000000000000     0x86eb
 .debug_info    0x0000000000000000      0x6f9 ./Core/Src/main.o
 .debug_info    0x00000000000006f9      0x169 ./Core/Src/stm32f1xx_it.o
 .debug_info    0x0000000000000862      0x222 ./Core/Src/system_stm32f1xx.o
 .debug_info    0x0000000000000a84      0x704 ./HAL/STM32F1xx_HAL_Driver/Src/stm32f1xx_hal.o
 .debug_info    0x0000000000001188      0xa87 ./HAL/STM32F1xx_HAL_Driver/Src/stm32f1xx_hal_cortex.o
 .debug_info    0x0000000000001c0f      0x4f8 ./HAL/STM32F1xx_HAL_Driver/Src/stm32f1xx_hal_flash.o
 .debug_info    0x0000000000002107      0x777 ./HAL/STM32F1xx_HAL_Driver/Src/stm32f1xx_hal_flash_ex.o
 .debug_info    0x000000000000287e      0x5ab ./HAL/STM32F1xx_HAL_Driver/Src/stm32f1xx_hal_gpio.o
 .debug_info    0x0000000000002e29       0xb8 ./HAL/STM32F1xx_HAL_Driver/Src/stm32f1xx_hal_msp_template.o
 .debug_info    0x0000000000002ee1      0x7d5 ./HAL/STM32F1xx_HAL_Driver/Src/stm32f1xx_hal_rcc.o
 .debug_info    0x00000000000036b6      0x3c0 ./HAL/STM32F1xx_HAL_Driver/Src/stm32f1xx_hal_rcc_ex.o
 .debug_info    0x0000000000003a76      0xc73 ./HAL/STM32F1xx_HAL_Driver/Src/stm32f1xx_hal_rtc.o
 .debug_info    0x00000000000046e9     0x1661 ./HAL/STM32F1xx_HAL_Driver/Src/stm32f1xx_hal_spi.o
 .debug_info    0x0000000000005d4a      0x75a ./HAL/STM32F1xx_HAL_Driver/Src/stm32f1xx_hal_timebase_rtc_alarm_template.o
 .debug_info    0x00000000000064a4      0x3c4 ./Peripherals/Src/exti.o
 .debug_info    0x0000000000006868      0x39d ./Peripherals/Src/flash.o
 .debug_info    0x0000000000006c05      0x286 ./Peripherals/Src/gpio.o
 .debug_info    0x0000000000006e8b      0x432 ./Peripherals/Src/lcd_4bit.o
 .debug_info    0x00000000000072bd      0x9d9 ./Peripherals/Src/rc522.o
 .debug_info    0x0000000000007c96      0x241 ./Peripherals/Src/rcc.o
 .debug_info    0x0000000000007ed7      0x7f1 ./Peripherals/Src/spi.o
 .debug_info    0x00000000000086c8       0x23 ./Startup/startup_stm32f103xb.o

.debug_abbrev   0x0000000000000000     0x271c
 .debug_abbrev  0x0000000000000000      0x306 ./Core/Src/main.o
 .debug_abbrev  0x0000000000000306       0xf5 ./Core/Src/stm32f1xx_it.o
 .debug_abbrev  0x00000000000003fb      0x13f ./Core/Src/system_stm32f1xx.o
 .debug_abbrev  0x000000000000053a      0x201 ./HAL/STM32F1xx_HAL_Driver/Src/stm32f1xx_hal.o
 .debug_abbrev  0x000000000000073b      0x2f8 ./HAL/STM32F1xx_HAL_Driver/Src/stm32f1xx_hal_cortex.o
 .debug_abbrev  0x0000000000000a33      0x250 ./HAL/STM32F1xx_HAL_Driver/Src/stm32f1xx_hal_flash.o
 .debug_abbrev  0x0000000000000c83      0x247 ./HAL/STM32F1xx_HAL_Driver/Src/stm32f1xx_hal_flash_ex.o
 .debug_abbrev  0x0000000000000eca      0x1ca ./HAL/STM32F1xx_HAL_Driver/Src/stm32f1xx_hal_gpio.o
 .debug_abbrev  0x0000000000001094       0x47 ./HAL/STM32F1xx_HAL_Driver/Src/stm32f1xx_hal_msp_template.o
 .debug_abbrev  0x00000000000010db      0x2b3 ./HAL/STM32F1xx_HAL_Driver/Src/stm32f1xx_hal_rcc.o
 .debug_abbrev  0x000000000000138e      0x188 ./HAL/STM32F1xx_HAL_Driver/Src/stm32f1xx_hal_rcc_ex.o
 .debug_abbrev  0x0000000000001516      0x23a ./HAL/STM32F1xx_HAL_Driver/Src/stm32f1xx_hal_rtc.o
 .debug_abbrev  0x0000000000001750      0x284 ./HAL/STM32F1xx_HAL_Driver/Src/stm32f1xx_hal_spi.o
 .debug_abbrev  0x00000000000019d4      0x228 ./HAL/STM32F1xx_HAL_Driver/Src/stm32f1xx_hal_timebase_rtc_alarm_template.o
 .debug_abbrev  0x0000000000001bfc      0x153 ./Peripherals/Src/exti.o
 .debug_abbrev  0x0000000000001d4f      0x167 ./Peripherals/Src/flash.o
 .debug_abbrev  0x0000000000001eb6      0x134 ./Peripherals/Src/gpio.o
 .debug_abbrev  0x0000000000001fea      0x1ac ./Peripherals/Src/lcd_4bit.o
 .debug_abbrev  0x0000000000002196      0x2ac ./Peripherals/Src/rc522.o
 .debug_abbrev  0x0000000000002442       0xf3 ./Peripherals/Src/rcc.o
 .debug_abbrev  0x0000000000002535      0x1d5 ./Peripherals/Src/spi.o
 .debug_abbrev  0x000000000000270a       0x12 ./Startup/startup_stm32f103xb.o

.debug_aranges  0x0000000000000000      0xa88
 .debug_aranges
                0x0000000000000000       0x98 ./Core/Src/main.o
 .debug_aranges
                0x0000000000000098       0x28 ./Core/Src/stm32f1xx_it.o
 .debug_aranges
                0x00000000000000c0       0x28 ./Core/Src/system_stm32f1xx.o
 .debug_aranges
                0x00000000000000e8       0xe0 ./HAL/STM32F1xx_HAL_Driver/Src/stm32f1xx_hal.o
 .debug_aranges
                0x00000000000001c8      0x100 ./HAL/STM32F1xx_HAL_Driver/Src/stm32f1xx_hal_cortex.o
 .debug_aranges
                0x00000000000002c8       0x88 ./HAL/STM32F1xx_HAL_Driver/Src/stm32f1xx_hal_flash.o
 .debug_aranges
                0x0000000000000350       0x98 ./HAL/STM32F1xx_HAL_Driver/Src/stm32f1xx_hal_flash_ex.o
 .debug_aranges
                0x00000000000003e8       0x58 ./HAL/STM32F1xx_HAL_Driver/Src/stm32f1xx_hal_gpio.o
 .debug_aranges
                0x0000000000000440       0x38 ./HAL/STM32F1xx_HAL_Driver/Src/stm32f1xx_hal_msp_template.o
 .debug_aranges
                0x0000000000000478       0x90 ./HAL/STM32F1xx_HAL_Driver/Src/stm32f1xx_hal_rcc.o
 .debug_aranges
                0x0000000000000508       0x30 ./HAL/STM32F1xx_HAL_Driver/Src/stm32f1xx_hal_rcc_ex.o
 .debug_aranges
                0x0000000000000538       0xf8 ./HAL/STM32F1xx_HAL_Driver/Src/stm32f1xx_hal_rtc.o
 .debug_aranges
                0x0000000000000630      0x1f8 ./HAL/STM32F1xx_HAL_Driver/Src/stm32f1xx_hal_spi.o
 .debug_aranges
                0x0000000000000828       0x40 ./HAL/STM32F1xx_HAL_Driver/Src/stm32f1xx_hal_timebase_rtc_alarm_template.o
 .debug_aranges
                0x0000000000000868       0x20 ./Peripherals/Src/exti.o
 .debug_aranges
                0x0000000000000888       0x60 ./Peripherals/Src/flash.o
 .debug_aranges
                0x00000000000008e8       0x20 ./Peripherals/Src/gpio.o
 .debug_aranges
                0x0000000000000908       0x78 ./Peripherals/Src/lcd_4bit.o
 .debug_aranges
                0x0000000000000980       0x88 ./Peripherals/Src/rc522.o
 .debug_aranges
                0x0000000000000a08       0x20 ./Peripherals/Src/rcc.o
 .debug_aranges
                0x0000000000000a28       0x38 ./Peripherals/Src/spi.o
 .debug_aranges
                0x0000000000000a60       0x28 ./Startup/startup_stm32f103xb.o

.debug_rnglists
                0x0000000000000000      0x7d2
 .debug_rnglists
                0x0000000000000000       0x7e ./Core/Src/main.o
 .debug_rnglists
                0x000000000000007e       0x19 ./Core/Src/stm32f1xx_it.o
 .debug_rnglists
                0x0000000000000097       0x1a ./Core/Src/system_stm32f1xx.o
 .debug_rnglists
                0x00000000000000b1       0xa3 ./HAL/STM32F1xx_HAL_Driver/Src/stm32f1xx_hal.o
 .debug_rnglists
                0x0000000000000154       0xbb ./HAL/STM32F1xx_HAL_Driver/Src/stm32f1xx_hal_cortex.o
 .debug_rnglists
                0x000000000000020f       0x66 ./HAL/STM32F1xx_HAL_Driver/Src/stm32f1xx_hal_flash.o
 .debug_rnglists
                0x0000000000000275       0x74 ./HAL/STM32F1xx_HAL_Driver/Src/stm32f1xx_hal_flash_ex.o
 .debug_rnglists
                0x00000000000002e9       0x3f ./HAL/STM32F1xx_HAL_Driver/Src/stm32f1xx_hal_gpio.o
 .debug_rnglists
                0x0000000000000328       0x25 ./HAL/STM32F1xx_HAL_Driver/Src/stm32f1xx_hal_msp_template.o
 .debug_rnglists
                0x000000000000034d       0x6c ./HAL/STM32F1xx_HAL_Driver/Src/stm32f1xx_hal_rcc.o
 .debug_rnglists
                0x00000000000003b9       0x21 ./HAL/STM32F1xx_HAL_Driver/Src/stm32f1xx_hal_rcc_ex.o
 .debug_rnglists
                0x00000000000003da       0xc1 ./HAL/STM32F1xx_HAL_Driver/Src/stm32f1xx_hal_rtc.o
 .debug_rnglists
                0x000000000000049b      0x191 ./HAL/STM32F1xx_HAL_Driver/Src/stm32f1xx_hal_spi.o
 .debug_rnglists
                0x000000000000062c       0x2e ./HAL/STM32F1xx_HAL_Driver/Src/stm32f1xx_hal_timebase_rtc_alarm_template.o
 .debug_rnglists