../HAL/STM32F1xx_HAL_Driver/Src/stm32f1xx_hal_timebase_rtc_alarm_template.c:87:19:HAL_InitTick	80	static
../HAL/STM32F1xx_HAL_Driver/Src/stm32f1xx_hal_timebase_rtc_alarm_template.c:212:6:HAL_SuspendTick	4	static
../HAL/STM32F1xx_HAL_Driver/Src/stm32f1xx_hal_timebase_rtc_alarm_template.c:224:6:HAL_ResumeTick	16	static
../HAL/STM32F1xx_HAL_Driver/Src/stm32f1xx_hal_timebase_rtc_alarm_template.c:263:6:HAL_RTC_AlarmAEventCallback	24	static
../HAL/STM32F1xx_HAL_Driver/Src/stm32f1xx_hal_timebase_rtc_alarm_template.c:296:6:RTC_Alarm_IRQHandler	8	static
