../Peripherals/Src/rc522.c:9:6:rc522_init	8	static
../Peripherals/Src/rc522.c:30:9:rc522_regRead8	24	static
../Peripherals/Src/rc522.c:44:6:rc522_regWrite8	24	static
../Peripherals/Src/rc522.c:55:6:rc522_setBit	16	static
../Peripherals/Src/rc522.c:63:6:rc522_clearBit	16	static
../Peripherals/Src/rc522.c:71:6:rc522_reset	8	static
../Peripherals/Src/rc522.c:79:6:rc522_antennaON	16	static
../Peripherals/Src/rc522.c:92:6:rc522_checkCard	24	static
../Peripherals/Src/rc522.c:110:6:rc522_request	32	static
../Peripherals/Src/rc522.c:126:6:rc522_toCard	40	static
../Peripherals/Src/rc522.c:227:6:rc522_antiColl	32	static
../Peripherals/Src/rc522.c:258:6:rc522_halt	24	static
../Peripherals/Src/rc522.c:270:6:rc522_calculateCRC	40	static
../Peripherals/Src/rc522.c:299:6:rc522_compareIds	24	static
