../Core/Src/main.c:44:5:main	8	static
../Core/Src/main.c:56:6:HAL_GPIO_EXTI_Callback	16	static
../Core/Src/main.c:72:6:UID_Master_Setup	8	static
../Core/Src/main.c:88:6:Main_Display	8	static
../Core/Src/main.c:101:6:Menu1	8	static
../Core/Src/main.c:135:6:Menu2	8	static
../Core/Src/main.c:153:6:Add_New_Card	16	static
../Core/Src/main.c:219:6:Del_1_Card	24	static
../Core/Src/main.c:293:6:Del_All_Card	16	static
../Core/Src/main.c:320:6:STATUS_OK	8	static
../Core/Src/main.c:328:6:STATUS_NOT_OK	8	static
../Core/Src/main.c:336:6:initializeHardware	8	static
../Core/Src/main.c:348:6:handleSecurityCard	16	static
../Core/Src/main.c:443:6:WAIT_TO_SCAN_AGAIN	16	static
../Core/Src/main.c:459:6:ConvertFlashValue	24	static
../Core/Src/main.c:469:6:Master_Setup_Display	8	static
